Script started on 2020-01-23 17:05:03-05:00 [TERM="xterm-256color" TTY="/dev/pts/1" COLUMNS="80" LINES="24"]
bash: /home/umrigar/cs220/bin/student.rc: No such file or directory
rbey1@g7-39:~/tmp/lab0$ ks[K[Kls ~/.ssh
id_rsa	id_rsa.pub  known_hosts
rbey1@g7-39:~/tmp/lab0$ gedit ~/.profile

(gedit:40037): Gtk-[1;33mWARNING[0m **: [34m17:10:23.946[0m: Calling org.xfce.Session.Manager.Inhibit failed: GDBus.Error:org.freedesktop.DBus.Error.UnknownMethod: Method "Inhibit" with signature "susu" on interface "org.xfce.Session.Manager" doesn't exist

rbey1@g7-39:~/tmp/lab0$ ~/.bash.rc[K[K[Krc
bash: /home/rbey1/.bashrc: Permission denied
rbey1@g7-39:~/tmp/lab0$ ~/.bashrcg~/.bashrce~/.bashrcd~/.bashrci~/.bashrct~/.bashrc ~/.bashrc

(gedit:40172): Gtk-[1;33mWARNING[0m **: [34m17:11:26.812[0m: Calling org.xfce.Session.Manager.Inhibit failed: GDBus.Error:org.freedesktop.DBus.Error.UnknownMethod: Method "Inhibit" with signature "susu" on interface "org.xfce.Session.Manager" doesn't exist

rbey1@g7-39:~/tmp/lab0$ mkdir -p ~/projects
rbey1@g7-39:~/tmp/lab0$ cd ~/projct[K[Kects
rbey1@g7-39:~/projects$ f[Kgit clone ssh://user@remote.cs.binghamton.edu/~umrigar/git-repos/cs240.git[A[C[C[C[C[C[C[C[C[C[C[C[C[C[C[C[C[C[C[C[C[C[C[C[C[C[C[C[C[C[C[C[C[C[C[C[C[C[C[C[C[C[C[C[C[C[C[C[C[C[C[C[C[C[C[C[C[C[C[C[C[C[C[C[C[C[C[C[C[C[C[C[C[C[C[C[C[C[C[C@remote.cs.binghamton.edu/~umrigar/git[1P-repos/cs240.git[A[C[C[C[C[C[C[C[C[C[C[C[C[C[C[C[C[C[C[C[C[C[C[C[C[C[C@remote.cs.binghamton.edu/~umrigar/git-[1Prepos/cs240.git[A[C[C[C[C[C[C[C[C[C[C[C[C[C[C[C[C[C[C[C[C[C[C[C[C[C[C@remote.cs.binghamton.edu/~umrigar/git-r[1Pepos/cs240.git[A[C[C[C[C[C[C[C[C[C[C[C[C[C[C[C[C[C[C[C[C[C[C[C[C[C[C@remote.cs.binghamton.edu/~umrigar/git-re[1Ppos/cs240.git[A[C[C[C[C[C[C[C[C[C[C[C[C[C[C[C[C[C[C[C[C[C[C[C[C[C[Cr@remote.cs.binghamton.edu/~umrigar/git-repos/cs240.git[A[C[C[C[C[C[C[C[C[C[C[C[C[C[C[C[C[C[C[C[C[C[C[C[C[C[Ce@remote.cs.binghamton.edu/~umrigar/git-repos/cs240.git[A[C[C[C[C[C[C[C[C[C[C[C[C[C[C[C[C[C[C[C[C[C[C[C[C[C[Ci@remote.cs.binghamton.edu/~umrigar/git-repos/cs240.git[A[C[C[C[C[C[C[C[C[C[C[C[C[C[C[C[C[C[C[C[C[C[C[C[C[C[Cg@remote.cs.binghamton.edu/~umrigar/git-repos/cs240.git[A[C[C[C[C[C[C[C[C[C[C[C[C[C[C[C[C[C[C[C[C[C[C[C[C[C[Cn@remote.cs.binghamton.edu/~umrigar/git-repos/cs240.git[A[C[C[C[C[C[C[C[C[C[C[C[C[C[C[C[C[C[C[C[C[C[C[C[C[C[Cy@remote.cs.binghamton.edu/~umrigar/git-repos/cs240.git[A[C[C[C[C[C[C[C[C[C[C[C[C[C[C[C[C[C[C[C[C[C[C[C[C[C[Cd@remote.cs.binghamton.edu/~umrigar/git-repos/cs240.git[A[C[C[C[C[C[C[C[C[C[C[C[C[C[C[C[C[C[C[C[C[C[C[C[C[C[Ca@remote.cs.binghamton.edu/~umrigar/git-repos/cs240.git[A[C[C[C[C[C[C[C[C[C[C[C[C[C[C[C[C[C[C[C[C[C[C[C[C[C[Cy@remote.cs.binghamton.edu/~umrigar/git-repos/cs240.git[A[C[C[C[C[C[C[C[C[C[C[C[C[C[C[C[C[C[C[C[C[C[C[C[C[C[C

Cloning into 'cs240'...
reignyday@remote.cs.binghamton.edu's password: 
Permission denied, please try again.
reignyday@remote.cs.binghamton.edu's password: 
Permission denied, please try again.
reignyday@remote.cs.binghamton.edu's password: 
reignyday@remote.cs.binghamton.edu: Permission denied (publickey,gssapi-keyex,gssapi-with-mic,password).
fatal: Could not read from remote repository.

Please make sure you have the correct access rights
and the repository exists.
rbey1@g7-39:~/projects$ git clone ssh://reignyday@remote.cs.binghamton.edu/~umrigar/git-repos/cs240.git[A[Ccd ~/projects[K
[K[A[C[C[C[C[C[C[C[C[C[C[C[C[C[C[C[C[C[C[C[C[C[C[C[C[C[C[C[C[C[C[C[C[C[C[C[C[C[6@mkdir -p[C[C[C[C[C[C[C[C[C[C[C[6Pcd[C[C[C[C[C[C[C[C[C[C[Cgit clone ssh://reignyday@remote.cs.binghamton.edu/~umrigar/git-repos/cs240.git[A[C[C[C[C[C[C[C[C[C[C[C[C[C[C[C[C[C[C[C[C[C[C[C[C[C[C[C[C[C[C[C[C[C[C[C[C[C[C[C[C[C[C[C[C[C[C[C[C[C[C[C[C[C[C[C[C[C[C[C[C[C[C[C[C[C[C[C[C[C[C[C[C[C[C[C[C[C[C[C@remote.cs.binghamton.edu/~umriga[1Pr/git-repos/cs240.git[A[C[C[C[C[C[C[C[C[C[C[C[C[C[C[C[C[C[C[C[C[C[C[C[C[C[C@remote.cs.binghamton.edu/~umrigar[1P/git-repos/cs240.git[A[C[C[C[C[C[C[C[C[C[C[C[C[C[C[C[C[C[C[C[C[C[C[C[C[C[C@remote.cs.binghamton.edu/~umrigar/[1Pgit-repos/cs240.git[A[C[C[C[C[C[C[C[C[C[C[C[C[C[C[C[C[C[C[C[C[C[C[C[C[C[C@remote.cs.binghamton.edu/~umrigar/g[1Pit-repos/cs240.git[A[C[C[C[C[C[C[C[C[C[C[C[C[C[C[C[C[C[C[C[C[C[C[C[C[C[C@remote.cs.binghamton.edu/~umrigar/gi[1Pt-repos/cs240.git[A[C[C[C[C[C[C[C[C[C[C[C[C[C[C[C[C[C[C[C[C[C[C[C[C[C[C@remote.cs.binghamton.edu/~umrigar/git[1P-repos/cs240.git[A[C[C[C[C[C[C[C[C[C[C[C[C[C[C[C[C[C[C[C[C[C[C[C[C[C[C@remote.cs.binghamton.edu/~umrigar/git-[1Prepos/cs240.git[A[C[C[C[C[C[C[C[C[C[C[C[C[C[C[C[C[C[C[C[C[C[C[C[C[C[C@remote.cs.binghamton.edu/~umrigar/git-r[1Pepos/cs240.git[A[C[C[C[C[C[C[C[C[C[C[C[C[C[C[C[C[C[C[C[C[C[C[C[C[C[Cb@remote.cs.binghamton.edu/~umrigar/git-repos/cs240.git[A[C[C[C[C[C[C[C[C[C[C[C[C[C[C[C[C[C[C[C[C[C[C[C[C[C[Ce@remote.cs.binghamton.edu/~umrigar/git-repos/cs240.git[A[C[C[C[C[C[C[C[C[C[C[C[C[C[C[C[C[C[C[C[C[C[C[C[C[C[Cy@remote.cs.binghamton.edu/~umrigar/git-repos/cs240.git[A[C[C[C[C[C[C[C[C[C[C[C[C[C[C[C[C[C[C[C[C[C[C[C[C[C[C1@remote.cs.binghamton.edu/~umrigar/git-repos/cs240.git[A[C[C[C[C[C[C[C[C[C[C[C[C[C[C[C[C[C[C[C[C[C[C[C[C[C[C

Cloning into 'cs240'...
rbey1@remote.cs.binghamton.edu's password: 
/home/rbey1/.bashrc: line 1: /home/umrigar/cs240/bin/student.rc: Permission denied
remote: Enumerating objects: 217, done.[K
remote: Counting objects:   0% (1/217)   [Kremote: Counting objects:   1% (3/217)   [Kremote: Counting objects:   2% (5/217)   [Kremote: Counting objects:   3% (7/217)   [Kremote: Counting objects:   4% (9/217)   [Kremote: Counting objects:   5% (11/217)   [Kremote: Counting objects:   6% (14/217)   [Kremote: Counting objects:   7% (16/217)   [Kremote: Counting objects:   8% (18/217)   [Kremote: Counting objects:   9% (20/217)   [Kremote: Counting objects:  10% (22/217)   [Kremote: Counting objects:  11% (24/217)   [Kremote: Counting objects:  12% (27/217)   [Kremote: Counting objects:  13% (29/217)   [Kremote: Counting objects:  14% (31/217)   [Kremote: Counting objects:  15% (33/217)   [Kremote: Counting objects:  16% (35/217)   [Kremote: Counting objects:  17% (37/217)   [Kremote: Counting objects:  18% (40/217)   [Kremote: Counting objects:  19% (42/217)   [Kremote: Counting objects:  20% (44/217)   [Kremote: Counting objects:  21% (46/217)   [Kremote: Counting objects:  22% (48/217)   [Kremote: Counting objects:  23% (50/217)   [Kremote: Counting objects:  24% (53/217)   [Kremote: Counting objects:  25% (55/217)   [Kremote: Counting objects:  26% (57/217)   [Kremote: Counting objects:  27% (59/217)   [Kremote: Counting objects:  28% (61/217)   [Kremote: Counting objects:  29% (63/217)   [Kremote: Counting objects:  30% (66/217)   [Kremote: Counting objects:  31% (68/217)   [Kremote: Counting objects:  32% (70/217)   [Kremote: Counting objects:  33% (72/217)   [Kremote: Counting objects:  34% (74/217)   [Kremote: Counting objects:  35% (76/217)   [Kremote: Counting objects:  36% (79/217)   [Kremote: Counting objects:  37% (81/217)   [Kremote: Counting objects:  38% (83/217)   [Kremote: Counting objects:  39% (85/217)   [Kremote: Counting objects:  40% (87/217)   [Kremote: Counting objects:  41% (89/217)   [Kremote: Counting objects:  42% (92/217)   [Kremote: Counting objects:  43% (94/217)   [Kremote: Counting objects:  44% (96/217)   [Kremote: Counting objects:  45% (98/217)   [Kremote: Counting objects:  46% (100/217)   [Kremote: Counting objects:  47% (102/217)   [Kremote: Counting objects:  48% (105/217)   [Kremote: Counting objects:  49% (107/217)   [Kremote: Counting objects:  50% (109/217)   [Kremote: Counting objects:  51% (111/217)   [Kremote: Counting objects:  52% (113/217)   [Kremote: Counting objects:  53% (116/217)   [Kremote: Counting objects:  54% (118/217)   [Kremote: Counting objects:  55% (120/217)   [Kremote: Counting objects:  56% (122/217)   [Kremote: Counting objects:  57% (124/217)   [Kremote: Counting objects:  58% (126/217)   [Kremote: Counting objects:  59% (129/217)   [Kremote: Counting objects:  60% (131/217)   [Kremote: Counting objects:  61% (133/217)   [Kremote: Counting objects:  62% (135/217)   [Kremote: Counting objects:  63% (137/217)   [Kremote: Counting objects:  64% (139/217)   [Kremote: Counting objects:  65% (142/217)   [Kremote: Counting objects:  66% (144/217)   [Kremote: Counting objects:  67% (146/217)   [Kremote: Counting objects:  68% (148/217)   [Kremote: Counting objects:  69% (150/217)   [Kremote: Counting objects:  70% (152/217)   [Kremote: Counting objects:  71% (155/217)   [Kremote: Counting objects:  72% (157/217)   [Kremote: Counting objects:  73% (159/217)   [Kremote: Counting objects:  74% (161/217)   [Kremote: Counting objects:  75% (163/217)   [Kremote: Counting objects:  76% (165/217)   [Kremote: Counting objects:  77% (168/217)   [Kremote: Counting objects:  78% (170/217)   [Kremote: Counting objects:  79% (172/217)   [Kremote: Counting objects:  80% (174/217)   [Kremote: Counting objects:  81% (176/217)   [Kremote: Counting objects:  82% (178/217)   [Kremote: Counting objects:  83% (181/217)   [Kremote: Counting objects:  84% (183/217)   [Kremote: Counting objects:  85% (185/217)   [Kremote: Counting objects:  86% (187/217)   [Kremote: Counting objects:  87% (189/217)   [Kremote: Counting objects:  88% (191/217)   [Kremote: Counting objects:  89% (194/217)   [Kremote: Counting objects:  90% (196/217)   [Kremote: Counting objects:  91% (198/217)   [Kremote: Counting objects:  92% (200/217)   [Kremote: Counting objects:  93% (202/217)   [Kremote: Counting objects:  94% (204/217)   [Kremote: Counting objects:  95% (207/217)   [Kremote: Counting objects:  96% (209/217)   [Kremote: Counting objects:  97% (211/217)   [Kremote: Counting objects:  98% (213/217)   [Kremote: Counting objects:  99% (215/217)   [Kremote: Counting objects: 100% (217/217)   [Kremote: Counting objects: 100% (217/217), done.[K
remote: Compressing objects:   0% (1/208)   [Kremote: Compressing objects:   1% (3/208)   [Kremote: Compressing objects:   2% (5/208)   [Kremote: Compressing objects:   3% (7/208)   [Kremote: Compressing objects:   4% (9/208)   [Kremote: Compressing objects:   5% (11/208)   [Kremote: Compressing objects:   6% (13/208)   [Kremote: Compressing objects:   7% (15/208)   [Kremote: Compressing objects:   8% (17/208)   [Kremote: Compressing objects:   9% (19/208)   [Kremote: Compressing objects:  10% (21/208)   [Kremote: Compressing objects:  11% (23/208)   [Kremote: Compressing objects:  12% (25/208)   [Kremote: Compressing objects:  13% (28/208)   [Kremote: Compressing objects:  14% (30/208)   [Kremote: Compressing objects:  15% (32/208)   [Kremote: Compressing objects:  16% (34/208)   [Kremote: Compressing objects:  17% (36/208)   [Kremote: Compressing objects:  18% (38/208)   [Kremote: Compressing objects:  19% (40/208)   [Kremote: Compressing objects:  20% (42/208)   [Kremote: Compressing objects:  21% (44/208)   [Kremote: Compressing objects:  22% (46/208)   [Kremote: Compressing objects:  23% (48/208)   [Kremote: Compressing objects:  24% (50/208)   [Kremote: Compressing objects:  25% (52/208)   [Kremote: Compressing objects:  26% (55/208)   [Kremote: Compressing objects:  27% (57/208)   [Kremote: Compressing objects:  28% (59/208)   [Kremote: Compressing objects:  29% (61/208)   [Kremote: Compressing objects:  30% (63/208)   [Kremote: Compressing objects:  31% (65/208)   [Kremote: Compressing objects:  32% (67/208)   [Kremote: Compressing objects:  33% (69/208)   [Kremote: Compressing objects:  34% (71/208)   [Kremote: Compressing objects:  35% (73/208)   [Kremote: Compressing objects:  36% (75/208)   [Kremote: Compressing objects:  37% (77/208)   [Kremote: Compressing objects:  38% (80/208)   [Kremote: Compressing objects:  39% (82/208)   [Kremote: Compressing objects:  40% (84/208)   [Kremote: Compressing objects:  41% (86/208)   [Kremote: Compressing objects:  42% (88/208)   [Kremote: Compressing objects:  43% (90/208)   [Kremote: Compressing objects:  44% (92/208)   [Kremote: Compressing objects:  45% (94/208)   [Kremote: Compressing objects:  46% (96/208)   [Kremote: Compressing objects:  47% (98/208)   [Kremote: Compressing objects:  48% (100/208)   [Kremote: Compressing objects:  49% (102/208)   [Kremote: Compressing objects:  50% (104/208)   [Kremote: Compressing objects:  51% (107/208)   [Kremote: Compressing objects:  52% (109/208)   [Kremote: Compressing objects:  53% (111/208)   [Kremote: Compressing objects:  54% (113/208)   [Kremote: Compressing objects:  55% (115/208)   [Kremote: Compressing objects:  56% (117/208)   [Kremote: Compressing objects:  57% (119/208)   [Kremote: Compressing objects:  58% (121/208)   [Kremote: Compressing objects:  59% (123/208)   [Kremote: Compressing objects:  60% (125/208)   [Kremote: Compressing objects:  61% (127/208)   [Kremote: Compressing objects:  62% (129/208)   [Kremote: Compressing objects:  63% (132/208)   [Kremote: Compressing objects:  64% (134/208)   [Kremote: Compressing objects:  65% (136/208)   [Kremote: Compressing objects:  66% (138/208)   [Kremote: Compressing objects:  67% (140/208)   [Kremote: Compressing objects:  68% (142/208)   [Kremote: Compressing objects:  69% (144/208)   [Kremote: Compressing objects:  70% (146/208)   [Kremote: Compressing objects:  71% (148/208)   [Kremote: Compressing objects:  72% (150/208)   [Kremote: Compressing objects:  73% (152/208)   [Kremote: Compressing objects:  74% (154/208)   [Kremote: Compressing objects:  75% (156/208)   [Kremote: Compressing objects:  76% (159/208)   [Kremote: Compressing objects:  77% (161/208)   [Kremote: Compressing objects:  78% (163/208)   [Kremote: Compressing objects:  79% (165/208)   [Kremote: Compressing objects:  80% (167/208)   [Kremote: Compressing objects:  81% (169/208)   [Kremote: Compressing objects:  82% (171/208)   [Kremote: Compressing objects:  83% (173/208)   [Kremote: Compressing objects:  84% (175/208)   [Kremote: Compressing objects:  85% (177/208)   [Kremote: Compressing objects:  86% (179/208)   [Kremote: Compressing objects:  87% (181/208)   [Kremote: Compressing objects:  88% (184/208)   [Kremote: Compressing objects:  89% (186/208)   [Kremote: Compressing objects:  90% (188/208)   [Kremote: Compressing objects:  91% (190/208)   [Kremote: Compressing objects:  92% (192/208)   [Kremote: Compressing objects:  93% (194/208)   [Kremote: Compressing objects:  94% (196/208)   [Kremote: Compressing objects:  95% (198/208)   [Kremote: Compressing objects:  96% (200/208)   [Kremote: Compressing objects:  97% (202/208)   [Kremote: Compressing objects:  98% (204/208)   [Kremote: Compressing objects:  99% (206/208)   [Kremote: Compressing objects: 100% (208/208)   [Kremote: Compressing objects: 100% (208/208), done.[K
Receiving objects:   0% (1/217)   Receiving objects:   1% (3/217)   Receiving objects:   2% (5/217)   Receiving objects:   3% (7/217)   Receiving objects:   4% (9/217)   Receiving objects:   5% (11/217)   Receiving objects:   6% (14/217)   Receiving objects:   7% (16/217)   Receiving objects:   8% (18/217)   Receiving objects:   9% (20/217)   Receiving objects:  10% (22/217)   Receiving objects:  11% (24/217)   Receiving objects:  12% (27/217)   Receiving objects:  13% (29/217)   Receiving objects:  14% (31/217)   Receiving objects:  15% (33/217)   Receiving objects:  16% (35/217)   Receiving objects:  17% (37/217)   Receiving objects:  18% (40/217)   Receiving objects:  19% (42/217)   Receiving objects:  20% (44/217)   Receiving objects:  21% (46/217)   Receiving objects:  22% (48/217)   Receiving objects:  23% (50/217)   Receiving objects:  24% (53/217)   Receiving objects:  25% (55/217)   Receiving objects:  26% (57/217)   Receiving objects:  27% (59/217)   Receiving objects:  28% (61/217)   Receiving objects:  29% (63/217)   Receiving objects:  30% (66/217)   Receiving objects:  31% (68/217)   Receiving objects:  32% (70/217)   Receiving objects:  33% (72/217)   Receiving objects:  34% (74/217)   Receiving objects:  35% (76/217)   Receiving objects:  36% (79/217)   Receiving objects:  37% (81/217)   Receiving objects:  38% (83/217)   Receiving objects:  39% (85/217)   Receiving objects:  40% (87/217)   Receiving objects:  41% (89/217)   Receiving objects:  42% (92/217)   Receiving objects:  43% (94/217)   Receiving objects:  44% (96/217)   Receiving objects:  45% (98/217)   Receiving objects:  46% (100/217)   Receiving objects:  47% (102/217)   Receiving objects:  48% (105/217)   Receiving objects:  49% (107/217)   Receiving objects:  50% (109/217)   Receiving objects:  51% (111/217)   Receiving objects:  52% (113/217)   Receiving objects:  53% (116/217)   Receiving objects:  54% (118/217)   Receiving objects:  55% (120/217)   Receiving objects:  56% (122/217)   Receiving objects:  57% (124/217)   Receiving objects:  58% (126/217)   Receiving objects:  59% (129/217)   Receiving objects:  60% (131/217)   Receiving objects:  61% (133/217)   Receiving objects:  62% (135/217)   Receiving objects:  63% (137/217)   Receiving objects:  64% (139/217)   Receiving objects:  65% (142/217)   Receiving objects:  66% (144/217)   Receiving objects:  67% (146/217)   Receiving objects:  68% (148/217), 2.97 MiB | 5.92 MiB/s   Receiving objects:  69% (150/217), 2.97 MiB | 5.92 MiB/s   Receiving objects:  70% (152/217), 2.97 MiB | 5.92 MiB/s   Receiving objects:  71% (155/217), 2.97 MiB | 5.92 MiB/s   Receiving objects:  72% (157/217), 2.97 MiB | 5.92 MiB/s   Receiving objects:  73% (159/217), 2.97 MiB | 5.92 MiB/s   Receiving objects:  74% (161/217), 2.97 MiB | 5.92 MiB/s   Receiving objects:  75% (163/217), 2.97 MiB | 5.92 MiB/s   Receiving objects:  76% (165/217), 2.97 MiB | 5.92 MiB/s   Receiving objects:  77% (168/217), 2.97 MiB | 5.92 MiB/s   Receiving objects:  78% (170/217), 2.97 MiB | 5.92 MiB/s   Receiving objects:  79% (172/217), 2.97 MiB | 5.92 MiB/s   remote: Total 217 (delta 92), reused 0 (delta 0)[K
Receiving objects:  80% (174/217), 2.97 MiB | 5.92 MiB/s   Receiving objects:  81% (176/217), 2.97 MiB | 5.92 MiB/s   Receiving objects:  82% (178/217), 2.97 MiB | 5.92 MiB/s   Receiving objects:  83% (181/217), 2.97 MiB | 5.92 MiB/s   Receiving objects:  84% (183/217), 2.97 MiB | 5.92 MiB/s   Receiving objects:  85% (185/217), 2.97 MiB | 5.92 MiB/s   Receiving objects:  86% (187/217), 2.97 MiB | 5.92 MiB/s   Receiving objects:  87% (189/217), 2.97 MiB | 5.92 MiB/s   Receiving objects:  88% (191/217), 2.97 MiB | 5.92 MiB/s   Receiving objects:  89% (194/217), 2.97 MiB | 5.92 MiB/s   Receiving objects:  90% (196/217), 2.97 MiB | 5.92 MiB/s   Receiving objects:  91% (198/217), 2.97 MiB | 5.92 MiB/s   Receiving objects:  92% (200/217), 2.97 MiB | 5.92 MiB/s   Receiving objects:  93% (202/217), 2.97 MiB | 5.92 MiB/s   Receiving objects:  94% (204/217), 2.97 MiB | 5.92 MiB/s   Receiving objects:  95% (207/217), 2.97 MiB | 5.92 MiB/s   Receiving objects:  96% (209/217), 2.97 MiB | 5.92 MiB/s   Receiving objects:  97% (211/217), 2.97 MiB | 5.92 MiB/s   Receiving objects:  98% (213/217), 2.97 MiB | 5.92 MiB/s   Receiving objects:  99% (215/217), 2.97 MiB | 5.92 MiB/s   Receiving objects: 100% (217/217), 2.97 MiB | 5.92 MiB/s   Receiving objects: 100% (217/217), 3.07 MiB | 6.03 MiB/s, done.
Resolving deltas:   0% (0/92)   Resolving deltas:   2% (2/92)   Resolving deltas:   3% (3/92)   Resolving deltas:   4% (4/92)   Resolving deltas:   6% (6/92)   Resolving deltas:   7% (7/92)   Resolving deltas:  11% (11/92)   Resolving deltas:  22% (21/92)   Resolving deltas:  27% (25/92)   Resolving deltas:  31% (29/92)   Resolving deltas:  34% (32/92)   Resolving deltas:  42% (39/92)   Resolving deltas:  44% (41/92)   Resolving deltas:  47% (44/92)   Resolving deltas:  51% (47/92)   Resolving deltas:  53% (49/92)   Resolving deltas:  54% (50/92)   Resolving deltas:  55% (51/92)   Resolving deltas:  57% (53/92)   Resolving deltas:  58% (54/92)   Resolving deltas:  61% (57/92)   Resolving deltas:  63% (58/92)   Resolving deltas:  64% (59/92)   Resolving deltas:  65% (60/92)   Resolving deltas:  72% (67/92)   Resolving deltas:  75% (69/92)   Resolving deltas:  81% (75/92)   Resolving deltas:  82% (76/92)   Resolving deltas:  83% (77/92)   Resolving deltas:  84% (78/92)   Resolving deltas:  85% (79/92)   Resolving deltas:  88% (81/92)   Resolving deltas:  98% (91/92)   Resolving deltas: 100% (92/92)   Resolving deltas: 100% (92/92), done.
rbey1@g7-39:~/projects$ cd ~
rbey1@g7-39:~$ ln -s projects [K/cs25[K40
ln: failed to create symbolic link './cs240': File exists
rbey1@g7-39:~$ ln -s projects/cs240 .
ln: failed to create symbolic link './cs240': File exists
rbey1@g7-39:~$ ln -s projects/cs240 .
ln: failed to create symbolic link './cs240': File exists
rbey1@g7-39:~$ cd ~git-rep[Kpos/cs240
bash: cd: ~git-repos/cs240: No such file or directory
rbey1@g7-39:~$ \[Kls
 a.out
 Arduino
 beep
 bin-c.log
 boop
 bop
 cat.log
 cs120
 cs220
 cs240
 Desktop
 dir
'document first describes the aims of this lab. It then provides necessary background. It then describes the exercises which need to be performed.'
 Documents
 Downloads
 git-repos
 i220X
 ls.log
 Music
 Pictures
 projects
 Public
 submit
 t1.c
 T1.s
 Templates
 test.c
 tmp
 v1.s
 v.c
 Videos
 work
 x.c
rbey1@g7-39:~$ cd got[Kit-repos
bash: cd: goit-repos: No such file or directory
rbey1@g7-39:~$ cd goit-repos[1Pt-repos[1Pt-reposit-repos
rbey1@g7-39:~/git-repos$ ls
cs220  i220b  lab8.git
rbey1@g7-39:~/git-repos$ lscd git-reposoit-reposls[Kcd ~git-repos/cs240ln -s projects/cs240 .[Kcd ~[Kgit clone ssh://rbey1@remote.cs.binghamton.edu/~umrigar/git-repos/cs240.git[A[C[C[C[C[C[C[C[C[C[C[C[C[C[C[C[C[C[C[C[C[C[Ceignyday@remote.cs.binghamton.edu/~umri[Car/git-repos/cs240.git[A[C[C[C[C[C[C[C[C[C[C[C[C[C[C[C[C[C[Cbey1@remote.cs.binghamton.edu/~umrigar/[C[4Pit-repos/cs240.git[A[C[C[C[C[C[C[C[C[C[C[C[C[C[C[C[C[C[C[C[C[C[Ceignyday@remote.cs.binghamton.edu/~umri[Car/git-repos/cs240.git[A[Ccd ~/projects[K
[K[A[C[C[C[C[C[C[C[C[C[C[C[C[C[C[C[C[C[C[C[C[C[C[C[C[C[C[C[C[C[C[C[C[C[C[C[C[C[C[6@mkdir -p[C[C[C[C[C[C[C[C[C[C[C[K[K[K[K[K[K[K[K[K[K[K[K[K[K[K[K[K[K[Kcd ~umrigar/git-repos/cs240.git
rbey1@g7-39:/home/umrigar/git-repos/cs240.git$ \[Kpull
bash: pull: command not found
rbey1@g7-39:/home/umrigar/git-repos/cs240.git$ git pull
fatal: this operation must be run in a work tree
rbey1@g7-39:/home/umrigar/git-repos/cs240.git$ gti log
bash: gti: command not found
rbey1@g7-39:/home/umrigar/git-repos/cs240.git$ git log
[?1h=[33mcommit 9e96ef3a13ea620d96e7b2a0bc1462d227d670d2[m[33m ([m[1;36mHEAD -> [m[1;32mmaster[m[33m)[m[m
Author: zerksis umrigar <umrigar@bing