//just copied and pasted what was on my terminal


rbey1@remote00:/import/linux/home1$ cd rbey1
rbey1@remote00:/import/linux/home1/rbey1$ cd ~/i240b
rbey1@remote00:~/i240b$ git checkout -b lab8
Switched to a new branch 'lab8'
rbey1@remote00:~/i240b$ mkdir -p submit/lab8
rbey1@remote00:~/i240b$ cd submit/lab8
rbey1@remote00:~/i240b/submit/lab8$ script -a lab8.LOG
Script started, file is lab8.LOG
rbey1@remote00:~/i240b/submit/lab8$ cp -r ~/cs240/labs/lab8/exercises .
rbey1@remote00:~/i240b/submit/lab8$ ls
exercises  lab8.LOG
rbey1@remote00:~/i240b/submit/lab8$ env
SHELL=/bin/bash
SESSION_MANAGER=local/remote00:@/tmp/.ICE-unix/3499523,unix/remote00:/tmp/.ICE-unix/3499523
WINDOWID=39845890
QT_ACCESSIBILITY=1
COLORTERM=truecolor
DERBY_HOME=/usr/lib/jvm/java-8-oracle/db
JAVA_HOME=/usr/lib/jvm/java-8-oracle
SSH_AUTH_SOCK=/tmp/ssh-9T9eRTfZj0iz/agent.3499602
SSH_AGENT_PID=3499603
STARTUP=/usr/bin/env LD_LIBRARY_PATH= xfce4-session
GTK_MODULES=gail:atk-bridge
PWD=/home/rbey1/i240b/submit/lab8
LOGNAME=rbey1
XDG_SESSION_TYPE=tty
XAUTHORITY=/home/rbey1/.Xauthority
J2REDIR=/usr/lib/jvm/java-8-oracle/jre
X2GO_SESSION=rbey1-52-1586986227_stDXFCE_dp32
HOME=/home/rbey1
LANG=en_US.UTF-8
VTE_VERSION=5402
PULSE_CLIENTCONFIG=/home/rbey1/.x2go/C-rbey1-52-1586986227_stDXFCE_dp32/.pulse-client.conf
SSH_CONNECTION=67.240.250.47 63801 128.226.114.200 22
QT_GRAPHICSSYSTEM=native
XDG_SESSION_CLASS=user
TERM=xterm-256color
X2GO_AGENT_PID=3499256
J2SDKDIR=/usr/lib/jvm/java-8-oracle
USER=rbey1
DISPLAY=:52.0
SHLVL=3
XDG_SESSION_ID=86537
LD_LIBRARY_PATH=
XDG_RUNTIME_DIR=/run/user/14344
SSH_CLIENT=67.240.250.47 63801 22
PATH=/usr/local/bin:/usr/bin:/bin:/usr/local/games:/usr/games:/usr/lib/jvm/java-8-oracle/bin:/usr/lib/jvm/java-8-oracle/db/bin:/usr/lib/jvm/java-8-oracle/jre/bin
DBUS_SESSION_BUS_ADDRESS=unix:abstract=/tmp/dbus-APCDemRkot,guid=267956a85d22798c4222e4965e977d00
MAIL=/var/mail/rbey1
OLDPWD=/home/rbey1/i240b
XSESSION_EXEC=xfce4-session
_=/usr/bin/env
rbey1@remote00:~/i240b/submit/lab8$ echo $HOME
/home/rbey1
rbey1@remote00:~/i240b/submit/lab8$ echo $PATH
/usr/local/bin:/usr/bin:/bin:/usr/local/games:/usr/games:/usr/lib/jvm/java-8-oracle/bin:/usr/lib/jvm/java-8-oracle/db/bin:/usr/lib/jvm/java-8-oracle/jre/bin
rbey1@remote00:~/i240b/submit/lab8$ echo $xxx

rbey1@remote00:~/i240b/submit/lab8$ xxx=123
rbey1@remote00:~/i240b/submit/lab8$ echo $xxx
123
rbey1@remote00:~/i240b/submit/lab8$ env | grep xxx
rbey1@remote00:~/i240b/submit/lab8$ export xxx
rbey1@remote00:~/i240b/submit/lab8$ env | grep xx
xxx=123
rbey1@remote00:~/i240b/submit/lab8$ export xx=456
rbey1@remote00:~/i240b/submit/lab8$ env | grep xx
xxx=123
xx=456
rbey1@remote00:~/i240b/submit/lab8$ p=$PATH
rbey1@remote00:~/i240b/submit/lab8$ $p
bash: /usr/local/bin:/usr/bin:/bin:/usr/local/games:/usr/games:/usr/lib/jvm/java-8-oracle/bin:/usr/lib/jvm/java-8-oracle/db/bin:/usr/lib/jvm/java-8-oracle/jre/bin: No such file or directory
rbey1@remote00:~/i240b/submit/lab8$ PATH=
rbey1@remote00:~/i240b/submit/lab8$ $PATH
rbey1@remote00:~/i240b/submit/lab8$ ls
bash: ls: No such file or directory
rbey1@remote00:~/i240b/submit/lab8$ PATH=$p
rbey1@remote00:~/i240b/submit/lab8$ $PATH
bash: /usr/local/bin:/usr/bin:/bin:/usr/local/games:/usr/games:/usr/lib/jvm/java-8-oracle/bin:/usr/lib/jvm/java-8-oracle/db/bin:/usr/lib/jvm/java-8-oracle/jre/bin: No such file or directory
rbey1@remote00:~/i240b/submit/lab8$ ls
exercises  lab8.LOG
rbey1@remote00:~/i240b/submit/lab8$ ls ; wc
exercises  lab8.LOG
^[[B^[[A      0       1       6
rbey1@remote00:~/i240b/submit/lab8$ ls ; wc *
exercises  lab8.LOG
wc: exercises: Is a directory
      0       0       0 exercises
      0       0       0 lab8.LOG
      0       0       0 total
rbey1@remote00:~/i240b/submit/lab8$ find -L ~/cs240 -name '*.c'
rbey1@remote00:~/i240b/submit/lab8$ find -L ~/cs240 -name '*.c' | wc -l
0
rbey1@remote00:~/i240b/submit/lab8$ find ~/cs240 -name '*.c' | wc -l
0
rbey1@remote00:~/i240b/submit/lab8$ man find
rbey1@remote00:~/i240b/submit/lab8$ 
rbey1@remote00:~/i240b/submit/lab8$ sleep 100 &
[1] 3615050
rbey1@remote00:~/i240b/submit/lab8$ jobs
[1]+  Running                 sleep 100 &
rbey1@remote00:~/i240b/submit/lab8$ kill %1
bash: kill: (3615050) - No such process
[1]+  Done                    sleep 100
rbey1@remote00:~/i240b/submit/lab8$ sleep 100 &
[1] 3616036
rbey1@remote00:~/i240b/submit/lab8$ kill %1
rbey1@remote00:~/i240b/submit/lab8$ jobs
[1]+  Terminated              sleep 100
rbey1@remote00:~/i240b/submit/lab8$ cd ~
rbey1@remote00:~$ pwd
/home/rbey1
rbey1@remote00:~$ xx=123
rbey1@remote00:~$ pwd; echo $xx; (xx=abc; cd /; pwd; echo $xx); pwd; echo $xx
/home/rbey1
123
/
abc
/home/rbey1
123
rbey1@remote00:~$ ls
 a.out
 Arduino
 beep
 bin-c.log
 boop
 bop
 cat.log
 cs120
 cs220
 cs2202
 cs240
 Desktop
 dir
'document first describes the aims of this lab. It then provides necessary background. It then describes the exercises which need to be performed.'
 Documents
 Downloads
 git-repos
 i220X
 i240b
 ls.log
 media
 Music
 Pictures
 projects
 Public
 submit
 t1.c
 T1.s
 Templates
 test.c
 tmp
 v1.s
 v.c
 Videos
 work
 x.c
rbey1@remote00:~$ cd ~/3-subshells
bash: cd: /home/rbey1/3-subshells: No such file or directory
rbey1@remote00:~$ 
rbey1@remote00:~$ cd i240b
rbey1@remote00:~/i240b$ cd submit
rbey1@remote00:~/i240b/submit$ cd lab8
rbey1@remote00:~/i240b/submit/lab8$ ls
exercises  lab8.LOG
rbey1@remote00:~/i240b/submit/lab8$ cd exercises
rbey1@remote00:~/i240b/submit/lab8/exercises$ ls
3-subshells
rbey1@remote00:~/i240b/submit/lab8/exercises$ cd 3-subshells
rbey1@remote00:~/i240b/submit/lab8/exercises/3-subshells$ ls
Makefile
rbey1@remote00:~/i240b/submit/lab8/exercises/3-subshells$ emacs Makefile
rbey1@remote00:~/i240b/submit/lab8/exercises/3-subshells$ make
cd ~/cs240
ls
Makefile
rbey1@remote00:~/i240b/submit/lab8/exercises/3-subshells$ emacs Makefile
rbey1@remote00:~/i240b/submit/lab8/exercises/3-subshells$ make
cd ~/cs240; ls
announce.html  bin	      exercises   index.umt  online	slides
announce.umt   docs	      hws	  labs	     projects	umt.make
assets	       exams-quizzes  index.html  misc	     README.md
rbey1@remote00:~/i240b/submit/lab8/exercises/3-subshells$ cd ..
rbey1@remote00:~/i240b/submit/lab8/exercises$ echo $?
0
rbey1@remote00:~/i240b/submit/lab8/exercises$ false; echo 123
123
rbey1@remote00:~/i240b/submit/lab8/exercises$ true; echo 123
123
rbey1@remote00:~/i240b/submit/lab8/exercises$ false && echo 123
rbey1@remote00:~/i240b/submit/lab8/exercises$ true && echo 123
123
rbey1@remote00:~/i240b/submit/lab8/exercises$ false || echo 123
123
rbey1@remote00:~/i240b/submit/lab8/exercises$ true || echo 123
rbey1@remote00:~/i240b/submit/lab8/exercises$ sleep 10
rbey1@remote00:~/i240b/submit/lab8/exercises$ sleep 5; echo 123 &
n
[1] 3650049
123
rbey1@remote00:~/i240b/submit/lab8/exercises$ n
bash: n: command not found
[1]+  Done                    echo 123
rbey1@remote00:~/i240b/submit/lab8/exercises$ sleep 5\ echo 123 &
[1] 3650410
rbey1@remote00:~/i240b/submit/lab8/exercises$ sleep: invalid time interval ‘5 echo’
Try 'sleep --help' for more information.
exit
Script done, file is lab8.LOG
rbey1@remote00:~/i240b/submit/lab8$ script -a lab8_2.LOG
Script started, file is lab8_2.LOG
rbey1@remote00:~/i240b/submit/lab8$ sleep 5'\' echo 123 &
[1] 3651482
rbey1@remote00:~/i240b/submit/lab8$ sleep: invalid time interval ‘5\\’
sleep: invalid time interval ‘echo’
Try 'sleep --help' for more information.
^C
[1]+  Exit 1                  sleep 5'\' echo 123
rbey1@remote00:~/i240b/submit/lab8$ sleep 5'/' echo 123 &
[1] 3651954
rbey1@remote00:~/i240b/submit/lab8$ sleep: invalid time interval ‘5/’
sleep: invalid time interval ‘echo’
Try 'sleep --help' for more information.
^C
[1]+  Exit 1                  sleep 5'/' echo 123
rbey1@remote00:~/i240b/submit/lab8$ sleep 5 &; echo 123 &
bash: syntax error near unexpected token `;'
rbey1@remote00:~/i240b/submit/lab8$ sleep 5 &';' echo 123 &
[1] 3652126
[2] 3652127
rbey1@remote00:~/i240b/submit/lab8$ bash: ;: command not found
^C
[1]-  Done                    sleep 5
[2]+  Exit 127                ';' echo 123
rbey1@remote00:~/i240b/submit/lab8$ sleep 5 echo 123 &
[1] 3652252
rbey1@remote00:~/i240b/submit/lab8$ sleep: invalid time interval ‘echo’
Try 'sleep --help' for more information.
^C
[1]+  Exit 1                  sleep 5 echo 123
rbey1@remote00:~/i240b/submit/lab8$ sleep 5 && echo 123 &
[1] 3652612
rbey1@remote00:~/i240b/submit/lab8$ gygv123

bash: gygv: command not found
[1]+  Done                    sleep 5 && echo 123
rbey1@remote00:~/i240b/submit/lab8$ sleep 5 && echo 123 &
[1] 3652683
rbey1@remote00:~/i240b/submit/lab8$ 123
^C
[1]+  Done                    sleep 5 && echo 123
rbey1@remote00:~/i240b/submit/lab8$ sleep 5 && echo 123 &
[1] 3652770
rbey1@remote00:~/i240b/submit/lab8$ goo
bash: goo: command not found
rbey1@remote00:~/i240b/submit/lab8$ 123
^C
[1]+  Done                    sleep 5 && echo 123
rbey1@remote00:~/i240b/submit/lab8$ grep -i 'MAIN(' `find ~/cs240/projects -name '*.cc'`
/home/rbey1/cs240/projects/prj1-sol/wordcounts.cc:main(int argc, char *argv[])
/home/rbey1/cs240/projects/prj2/extras/seq-test.cc:int main(int argc, char *argv[]) {
/home/rbey1/cs240/projects/prj2-sol/nums.cc:int main(int argc, char* argv[])
/home/rbey1/cs240/projects/prj2-sol/seq-test.cc:int main(int argc, char *argv[]) {
rbey1@remote00:~/i240b/submit/lab8$ wc -l `find ~/cs240/projects -name '*.cc'`
  159 /home/rbey1/cs240/projects/prj1-sol/wordcounts.cc
  123 /home/rbey1/cs240/projects/prj2/extras/command.cc
   72 /home/rbey1/cs240/projects/prj2/extras/seq-test.cc
  123 /home/rbey1/cs240/projects/prj2-sol/command.cc
   66 /home/rbey1/cs240/projects/prj2-sol/nums.cc
   72 /home/rbey1/cs240/projects/prj2-sol/seq-test.cc
  615 total
rbey1@remote00:~/i240b/submit/lab8$ exit
