Script started on 2020-03-12 17:37:04-04:00 [TERM="xterm-256color" TTY="/dev/pts/0" COLUMNS="80" LINES="23"]
bash: /home/umrigar/cs240/bin/student.rc: Permission denied
rbey1@g7-22:~/i240b/submit/lab6$ cp -r `[K~/cs240/labs/lab6/exercises.[K .
rbey1@g7-22:~/i240b/submit/lab6$ cp -r ~/cs240/labs/lab6/exercises .
rbey1@g7-22:~/i240b/submit/lab6$ ls
exercises  lab6.LOG
rbey1@g7-22:~/i240b/submit/lab6$ mkdir dr[Kir
rbey1@g7-22:~/i240b/submit/lab6$ touch t1.c ti[K[K[K[K[K[K[K[K[K[K[K[K[Kcd dir
rbey1@g7-22:~/i240b/submit/lab6/dir$ touch t1.c v.c [K[K[K[KT1.s v.c v1.s x.c dir [K[K[K[K[K[K[K[K[K[K[K[K[K[K[K[K[K[K[K[K[K[K[K[K[K[K[K[K[K[K[K[K[Kcd .
rbey1@g7-22:~/i240b/submit/lab6/dir$ cd .
rbey1@g7-22:~/i240b/submit/lab6/dir$ cd ..
rbey1@g7-22:~/i240b/submit/lab6$ cd ..[Kdir[3@mkdir[C[C[C[Cls[Kcp -r ~/cs240/labs/lab6/exercises .[C[C[C[C[C[C[C[C[C[C[C[C[C[C[C[C[C[C[C[C[C[C[C[C[C[C[C[C[C[C[C[C[Cls[Kmkdir dir[3Pcd[C[C[C[C[2P..[Ktouch t1.c T1s[K. v.c v1.s x.s [K[Kc dir [K/t2.c f[Kdir [K/T2.s1  dir [K/t3
rbey1@g7-22:~/i240b/submit/lab6$ ls
dir  exercises	lab6.LOG  T1.  t1.c  v1.s  v.c	x.c
rbey1@g7-22:~/i240b/submit/lab6$ ls -l
total 0
drwxr-x--- 2 rbey1 rbey1 54 Mar 12 17:41 dir
drwxr-x--- 3 rbey1 rbey1 30 Mar 12 17:37 exercises
-rw-r----- 1 rbey1 rbey1  0 Mar 12 17:37 lab6.LOG
-rw-r----- 1 rbey1 rbey1  0 Mar 12 17:41 T1.
-rw-r----- 1 rbey1 rbey1  0 Mar 12 17:41 t1.c
-rw-r----- 1 rbey1 rbey1  0 Mar 12 17:41 v1.s
-rw-r----- 1 rbey1 rbey1  0 Mar 12 17:41 v.c
-rw-r----- 1 rbey1 rbey1  0 Mar 12 17:41 x.c
rbey1@g7-22:~/i240b/submit/lab6$ ls -tl
total 0
drwxr-x--- 2 rbey1 rbey1 54 Mar 12 17:41 dir
-rw-r----- 1 rbey1 rbey1  0 Mar 12 17:41 v1.s
-rw-r----- 1 rbey1 rbey1  0 Mar 12 17:41 x.c
-rw-r----- 1 rbey1 rbey1  0 Mar 12 17:41 v.c
-rw-r----- 1 rbey1 rbey1  0 Mar 12 17:41 T1.
-rw-r----- 1 rbey1 rbey1  0 Mar 12 17:41 t1.c
drwxr-x--- 3 rbey1 rbey1 30 Mar 12 17:37 exercises
-rw-r----- 1 rbey1 rbey1  0 Mar 12 17:37 lab6.LOG
rbey1@g7-22:~/i240b/submit/lab6$ dir ls dir
dir: cannot access 'ls': No such file or directory
dir:
t2.c  T2.s1  t3
rbey1@g7-22:~/i240b/submit/lab6$ dir ls dir[Kdir ls dir[Kdir ls dir[C dir- dirl dir
dir: cannot access 'ls': No such file or directory
dir:
total 0
-rw-r----- 1 rbey1 rbey1 0 Mar 12 17:41 t2.c
-rw-r----- 1 rbey1 rbey1 0 Mar 12 17:41 T2.s1
-rw-r----- 1 rbey1 rbey1 0 Mar 12 17:41 t3
rbey1@g7-22:~/i240b/submit/lab6$ dir ls -l dir[1@t
dir: cannot access 'ls': No such file or directory
dir:
total 0
-rw-r----- 1 rbey1 rbey1 0 Mar 12 17:41 T2.s1
-rw-r----- 1 rbey1 rbey1 0 Mar 12 17:41 t3
-rw-r----- 1 rbey1 rbey1 0 Mar 12 17:41 t2.c
rbey1@g7-22:~/i240b/submit/lab6$ man touch
[?1049h[22;0;0t[?1h=TOUCH(1)                         User Commands                        TOUCH(1)[m
[m
[1mNAME[0m[m
       touch - change file timestamps[m
[m
[1mSYNOPSIS[0m[m
       [1mtouch[0m [[4mOPTION[24m]... [4mFILE[24m...[m
[m
[1mDESCRIPTION[0m[m
       Update  the  access  and modification times of each FILE to the current[m
       time.[m
[m
       A FILE argument that does not exist is created empty, unless [1m-c[0m  or  [1m-h[0m[m
       is supplied.[m
[m
       A  FILE  argument  string of - is handled specially and causes touch to[m
       change the times of the file associated with standard output.[m
[m
       Mandatory arguments to long options are  mandatory  for  short  options[m
       too.[m
[m
       [1m-a[0m     change only the access time[m
[7m Manual page touch(1) line 1 (press h for help or q to quit)[27m[K[K[?1l>[?1049l[23;0;0trbey1@g7-22:~/i240b/submit/lab6$ man ls
[?1049h[22;0;0t[?1h=LS(1)                            User Commands                           LS(1)[m
[m
[1mNAME[0m[m
       ls - list directory contents[m
[m
[1mSYNOPSIS[0m[m
       [1mls[0m [[4mOPTION[24m]... [[4mFILE[24m]...[m
[m
[1mDESCRIPTION[0m[m
       List  information  about  the FILEs (the current directory by default).[m
       Sort entries alphabetically if none of [1m-cftuvSUX[0m nor [1m--sort[0m  is  speci‚Äê[m
       fied.[m
[m
       Mandatory  arguments  to  long  options are mandatory for short options[m
       too.[m
[m
       [1m-a[0m, [1m--all[0m[m
              do not ignore entries starting with .[m
[m
       [1m-A[0m, [1m--almost-all[0m[m
              do not list implied . and ..[m
[m
[7m Manual page ls(1) line 1 (press h for help or q to quit)[27m[K[K[7m Manual page ls(1) line 1 (press h for help or q to quit)[27m[K[K-[Klog file: [K  [KTT[K**[K[KWarning: "T1." exists; Overwrite, Append or Don't log? [23;1H[K[?1l>[?1049l[23;0;0trbey1@g7-22:~/i240b/submit/lab6$ man ls[K[K[K[K[K[Kls T*
T1.
rbey1@g7-22:~/i240b/submit/lab6$ ls dir?*.[1P*./*.
ls: cannot access 'dir/*.': No such file or directory
rbey1@g7-22:~/i240b/submit/lab6$ ls dir/*.?
dir/t2.c
rbey1@g7-22:~/i240b/submit/lab6$ ls [t-v]*.c
t1.c  v.c
rbey1@g7-22:~/i240b/submit/lab6$ /bin *[K?[p-s]*.*
bash: /bin: Is a directory
rbey1@g7-22:~/i240b/submit/lab6$ /bin ?[p-s]*.*
bash: /bin: Is a directory
rbey1@g7-22:~/i240b/submit/lab6$ /bin ?[p-s]*.*[K?
bash: /bin: Is a directory
rbey1@g7-22:~/i240b/submit/lab6$ /bin ?[p-s]*.?[1P[C[C[C/ ?[p-s]*.?
bash: bin/: No such file or directory
rbey1@g7-22:~/i240b/submit/lab6$ bin/ ?[p-s]*.?[1@/[C[C[C[C[1P ?[p-s]*.?[C[C[C[C[C[C[C[C[C[C[1P?[p-s]*.?/?[p-s]*.?
bash: /bin/?[p-s]*.?: No such file or directory
rbey1@g7-22:~/i240b/submit/lab6$ /bin/?[p-s]*.?[K[K
/bin/cp: target '/bin/zsh5' is not a directory
rbey1@g7-22:~/i240b/submit/lab6$ /bin/?[p-s]*l/bin/?[p-s]*s/bin/?[p-s]* /bin/?[p-s]*
/bin/cp    /bin/grep  /bin/lsblk   /bin/ps    /bin/ypdomainname
/bin/cpio  /bin/ip    /bin/lsmod   /bin/ss    /bin/zsh
/bin/csh   /bin/ls    /bin/openvt  /bin/true  /bin/zsh5
rbey1@g7-22:~/i240b/submit/lab6$ ls /bin/?[p-s]*[1P/?[p-s]*[1P/?[p-s]*[1P/?[p-s]*e/?[p-s]*t/?[p-s]*c/?[p-s]*[C[C[C[C[C[C[C[C[K[K[K[K[K[K[K*[r][c]
/etc/bash.bashrc    /etc/gnashthumbnailrc  /etc/Muttrc	       /etc/screenrc
/etc/chktexrc	    /etc/inputrc	   /etc/nanorc	       /etc/slsh.rc
/etc/csh.cshrc	    /etc/lintianrc	   /etc/pbuilderrc     /etc/wgetrc
/etc/gnashpluginrc  /etc/mail.rc	   /etc/quilt.quiltrc
/etc/gnashrc	    /etc/matplotlibrc	   /etc/sbclrc
rbey1@g7-22:~/i240b/submit/lab6$ ls /etc/*[r][c]bin/?[p-s]*[K[K[K[K[K[K[K???
/bin/cat  /bin/csh  /bin/dir  /bin/pwd	/bin/red  /bin/sed  /bin/tar  /bin/zsh
rbey1@g7-22:~/i240b/submit/lab6$ ls > ls.log
rbey1@g7-22:~/i240b/submit/lab6$ ca t [K[Kt[K[Kt ls.log
dir
exercises
lab6.LOG
ls.log
T1.
t1.c
v1.s
v.c
x.c
rbey1@g7-22:~/i240b/submit/lab6$ cat >cat.lgo[K[Kog
boop  
bop  
dippity
bop
boop rf  for ever    rv ever
cs240 makes me sad :(
why pn  online l classes 
ughhhhh
rbey1@g7-22:~/i240b/submit/lab6$ ca [Kt >cat.log
dir     
rbey1@g7-22:~/i240b/submit/lab6$ cat >cat.log[1Pat.log[1Pat.log[1Pat.log at.logcat.log

rbey1@g7-22:~/i240b/submit/lab6$ cat cat.log>cat.log[2Pls.log[1@ls >[C[C[C[C[C[C[C/bin/???[K[K[K[K[K[K[K[K[K[K[Kls /etc/*[r][c]bin/?[p-s]*[3P/bin/?[p-s]*ls /bin/?[p-s]*etc/*[r][c][Kls > ls.log[1Pcat[C[C[C[C[C[C[C>cat.log
coop
bop     not coop boop
boop forver     ever
cs240 makes m e  e sad :(
why online   classes
booooo
ughhhhh
rbey1@g7-22:~/i240b/submit/lab6$ cat >cat.log[1Pcat.log>cat.log[1Pcat.log
coop
not coop boop
boop forever
cs240 makes me sad :(
why online classes
booooo
ughhhhh
rbey1@g7-22:~/i240b/submit/lab6$ ls dit [K[Kr >>ls.log
rbey1@g7-22:~/i240b/submit/lab6$ cat ls.log
dir
exercises
lab6.LOG
ls.log
T1.
t1.c
v1.s
v.c
x.c
t2.c
T2.s1
t3
rbey1@g7-22:~/i240b/submit/lab6$ ls [K[K[Kcat <ls.log
dir
exercises
lab6.LOG
ls.log
T1.
t1.c
v1.s
v.c
x.c
t2.c
T2.s1
t3
rbey1@g7-22:~/i240b/submit/lab6$ cat <ls.log[1Pls.log
dir
exercises
lab6.LOG
ls.log
T1.
t1.c
v1.s
v.c
x.c
t2.c
T2.s1
t3
rbey1@g7-22:~/i240b/submit/lab6$ cat ls.log
dir
exercises
lab6.LOG
ls.log
T1.
t1.c
v1.s
v.c
x.c
t2.c
T2.s1
t3
rbey1@g7-22:~/i240b/submit/lab6$ [Krbey1@g7-22:~/i240b/submit/lab6$ [Krbey1@g7-22:~/i240b/submit/lab6$ wc -l
bop bo    p
boop
2
rbey1@g7-22:~/i240b/submit/lab6$ man wc
[?1049h[22;0;0t[?1h=WC(1)                            User Commands                           WC(1)[m
[m
[1mNAME[0m[m
       wc - print newline, word, and byte counts for each file[m
[m
[1mSYNOPSIS[0m[m
       [1mwc[0m [[4mOPTION[24m]... [[4mFILE[24m]...[m
       [1mwc[0m [[4mOPTION[24m]... [4m--files0-from=F[24m[m
[m
[1mDESCRIPTION[0m[m
       Print newline, word, and byte counts for each FILE, and a total line if[m
       more than one FILE is specified.  A word is a non-zero-length  sequence[m
       of characters delimited by white space.[m
[m
       With no FILE, or when FILE is -, read standard input.[m
[m
       The  options  below may be used to select which counts are printed, al‚Äê[m
       ways in the following order: newline, word,  character,  byte,  maximum[m
       line length.[m
[m
       [1m-c[0m, [1m--bytes[0m[m
              print the byte counts[m
[7m Manual page wc(1) line 1 (press h for help or q to quit)[27m[K[K[?1l>[?1049l[23;0;0trbey1@g7-22:~/i240b/submit/lab6$ ls | wc -l
10
rbey1@g7-22:~/i240b/submit/lab6$ /bin/???? | wc -l
/bin/chvt: /bin/chvt: cannot execute binary file
0
rbey1@g7-22:~/i240b/submit/lab6$ /bin/???? | wc -l[1P
bash: bin/????: No such file or directory
0
rbey1@g7-22:~/i240b/submit/lab6$ bin/???? | wc -l[1@/[C[C[C[C[C[C[C[C[C[C[C[C[C[C[C[C[1@l[1@s[1@ 
23
rbey1@g7-22:~/i240b/submit/lab6$ ls /bin/???? | wc -l[1P[1P[1P[1P[1@c[1@*[C[C[C[C[C[C[C[C[K[K[K[K[K[K[K>cin [K-c.log[1Pin-c.logbin-c.log[C[C[C[C[C[C[C[C[C[C[C[C[C[C[C[C[C
rbey1@g7-22:~/i240b/submit/lab6$ [Krbey1@g7-22:~/i240b/submit/lab6$ [Krbey1@g7-22:~/i240b/submit/lab6$ ls
bin-c.log  cat.log  dir  exercises  lab6.LOG  ls.log  T1.  t1.c  v1.s  v.c  x.c
rbey1@g7-22:~/i240b/submit/lab6$ ls -l [K[K[K[K[K[Kbin-c.log | wc -l
bash: bin-c.log: command not found
0
rbey1@g7-22:~/i240b/submit/lab6$ bin-c.log | wc -l [K[1@l[1@s[1@ [1@-[1@l[1@ 
1
rbey1@g7-22:~/i240b/submit/lab6$ ls -l bin-c.log | wc -l[6P[C[C[C[C[C[C[C[C[C[C[C[C[C[C[C[C[Cls[K /bin/c*-/bin/c*l/bin/c* /bin/c*
-rwxr-xr-x 1 root root  43744 Feb 28  2019 /bin/cat
-rwxr-xr-x 1 root root  14328 Mar  1  2019 /bin/chacl
-rwxr-xr-x 1 root root  64320 Feb 28  2019 /bin/chgrp
-rwxr-xr-x 1 root root  64288 Feb 28  2019 /bin/chmod
-rwxr-xr-x 1 root root  72512 Feb 28  2019 /bin/chown
-rwxr-xr-x 1 root root  14648 Jul 28  2018 /bin/chvt
-rwxr-xr-x 1 root root 146880 Feb 28  2019 /bin/cp
-rwxr-xr-x 1 root root 158320 Apr 23  2019 /bin/cpio
lrwxrwxrwx 1 root root     21 Jun 24  2019 /bin/csh -> /etc/alternatives/csh
rbey1@g7-22:~/i240b/submit/lab6$ ls -l /bin/c*bin-c.log | wc -l[6P[C[C[C[C[C[C[C[C[C[C[C[C[C[C[C[C[C[6@ls -l [C[C[C[C[C[C[C[C[C[C[C[C[C[C[C[C[C[6P[C[C[C[C[C[C[C[C[C[C[C[C[C[C[C[C[C[K[K[K[K[K[K[K[K[K[K[K[K[K[K[K[K[Kemca[Kac[K[K[Kacs bin-c.log
rbey1@g7-22:~/i240b/submit/lab6$ emacs bin-c.log[2Pls -l /bin/c*bin-c.log | wc -l[1P[1P[1P
1
rbey1@g7-22:~/i240b/submit/lab6$ ls bin-c.log | wc -l[1P[1P[1P
bash: bin-c.log: command not found
0
rbey1@g7-22:~/i240b/submit/lab6$ man wc
[?1049h[22;0;0t[?1h=WC(1)                            User Commands                           WC(1)[m
[m
[1mNAME[0m[m
       wc - print newline, word, and byte counts for each file[m
[m
[1mSYNOPSIS[0m[m
       [1mwc[0m [[4mOPTION[24m]... [[4mFILE[24m]...[m
       [1mwc[0m [[4mOPTION[24m]... [4m--files0-from=F[24m[m
[m
[1mDESCRIPTION[0m[m
       Print newline, word, and byte counts for each FILE, and a total line if[m
       more than one FILE is specified.  A word is a non-zero-length  sequence[m
       of characters delimited by white space.[m
[m
       With no FILE, or when FILE is -, read standard input.[m
[m
       The  options  below may be used to select which counts are printed, al‚Äê[m
       ways in the following order: newline, word,  character,  byte,  maximum[m
       line length.[m
[m
       [1m-c[0m, [1m--bytes[0m[m
              print the byte counts[m
[7m Manual page wc(1) line 1 (press h for help or q to quit)[27m[K[K [KESCESC[KOO[KBB[K[m
[7m Manual page wc(1) line 2 (press h for help or q to quit)[27m[K[K [KESCESC[KOO[KBB[K       [1m-m[0m, [1m--chars[0m[m
[7m Manual page wc(1) line 3 (press h for help or q to quit)[27m[K[K [KESCESC[KOO[KBB[K              print the character counts[m
[7m Manual page wc(1) line 4 (press h for help or q to quit)[27m[K[K [KESCESC[KOO[KBB[K[m
[7m Manual page wc(1) line 5 (press h for help or q to quit)[27m[K[K [KESCESC[KOO[KBB[K       [1m-l[0m, [1m--lines[0m[m
[7m Manual page wc(1) line 6 (press h for help or q to quit)[27m[K[K [KESCESC[KOO[KBB[K              print the newline counts[m
[7m Manual page wc(1) line 7 (press h for help or q to quit)[27m[K[K [KESCESC[KOO[KBB[K[m
[7m Manual page wc(1) line 8 (press h for help or q to quit)[27m[K[K [KESCESC[KOO[KBB[K       [1m--files0-from[0m=[4mF[24m[m
[7m Manual page wc(1) line 9 (press h for help or q to quit)[27m[K[K [KESCESC[KOO[KBB[K              read  input  from the files specified by NUL-terminated names in[m
[7m Manual page wc(1) line 10 (press h for help or q to quit)[27m[K[K [KESCESC[KOO[KBB[K              file F; If F is - then read names from standard input[m
[7m Manual page wc(1) line 11 (press h for help or q to quit)[27m[K[K [KESCESC[KOO[KBB[K[m
[7m Manual page wc(1) line 12 (press h for help or q to quit)[27m[K[K [KESCESC[KOO[KBB[K       [1m-L[0m, [1m--max-line-length[0m[m
[7m Manual page wc(1) line 13 (press h for help or q to quit)[27m[K[K [KESCESC[KOO[KBB[K              print the maximum display width[m
[7m Manual page wc(1) line 14 (press h for help or q to quit)[27m[K[K [KESCESC[KOO[KBB[K[m
[7m Manual page wc(1) line 15 (press h for help or q to quit)[27m[K[K [KESCESC[KOO[KBB[K       [1m-w[0m, [1m--words[0m[m
[7m Manual page wc(1) line 16 (press h for help or q to quit)[27m[K[K [KESCESC[KOO[KBB[K              print the word counts[m
[7m Manual page wc(1) line 17 (press h for help or q to quit)[27m[K[K [KESCESC[KOO[KBB[K[m
[7m Manual page wc(1) line 18 (press h for help or q to quit)[27m[K[K [KESCESC[KOO[KBB[K       [1m--help[0m display this help and exit[m
[7m Manual page wc(1) line 19 (press h for help or q to quit)[27m[K[K [KESCESC[KOO[KBB[K[m
[7m Manual page wc(1) line 20 (press h for help or q to quit)[27m[K[K [KESCESC[KOO[KBB[K       [1m--version[0m[m
[7m Manual page wc(1) line 21 (press h for help or q to quit)[27m[K[K [KESCESC[KOO[KBB[K              output version information and exit[m
[7m Manual page wc(1) line 22 (press h for help or q to quit)[27m[K[K [KESCESC[KOO[KBB[K[m
[7m Manual page wc(1) line 23 (press h for help or q to quit)[27m[K[K [KESCESC[KOO[KBB[K[1mAUTHOR[0m[m
[7m Manual page wc(1) line 24 (press h for help or q to quit)[27m[K[K [KESCESC[KOO[KBB[K       Written by Paul Rubin and David MacKenzie.[m
[7m Manual page wc(1) line 25 (press h for help or q to quit)[27m[K[K [KESCESC[KOO[KBB[K[m
[7m Manual page wc(1) line 26 (press h for help or q to quit)[27m[K[K [KESCESC[KOO[KBB[K[1mREPORTING[0m [1mBUGS[0m[m
[7m Manual page wc(1) line 27 (press h for help or q to quit)[27m[K[K [KESCESC[KOO[KBB[K       GNU coreutils online help: <https://www.gnu.org/software/coreutils/>[m
[7m Manual page wc(1) line 28 (press h for help or q to quit)[27m[K[K [KESCESC[KOO[KBB[K       Report wc translation bugs to <https://translationproject.org/team/>[m
[7m Manual page wc(1) line 29 (press h for help or q to quit)[27m[K[K [KESCESC[KOO[KBB[K[m
[7m Manual page wc(1) line 30 (press h for help or q to quit)[27m[K[K [KESCESC[KOO[KBB[K[1mCOPYRIGHT[0m[m
[7m Manual page wc(1) line 31 (press h for help or q to quit)[27m[K[K [KESCESC[KOO[KBB[K       Copyright ¬© 2018 Free Software Foundation, Inc.   License  GPLv3+:  GNU[m
[7m Manual page wc(1) line 32 (press h for help or q to quit)[27m[K[K [KESCESC[KOO[KBB[K       GPL version 3 or later <https://gnu.org/licenses/gpl.html>.[m
[7m Manual page wc(1) line 33 (press h for help or q to quit)[27m[K[K [KESCESC[KOO[KBB[K       This  is  free  software:  you  are free to change and redistribute it.[m
[7m Manual page wc(1) line 34 (press h for help or q to quit)[27m[K[K [KESCESC[KOO[KBB[K       There is NO WARRANTY, to the extent permitted by law.[m
[7m Manual page wc(1) line 35 (press h for help or q to quit)[27m[K[K [KESCESC[KOO[KBB[K[m
[7m Manual page wc(1) line 36 (press h for help or q to quit)[27m[K[K [KESCESC[KOO[KBB[K[1mSEE[0m [1mALSO[0m[m
[7m Manual page wc(1) line 37 (press h for help or q to quit)[27m[K[K [KESCESC[KOO[KBB[K       Full documentation at: <https://www.gnu.org/software/coreutils/wc>[m
[7m Manual page wc(1) line 38 (press h for help or q to quit)[27m[K[K [KESCESC[KOO[KBB[K       or available locally via: info '(coreutils) wc invocation'[m
[7m Manual page wc(1) line 39 (press h for help or q to quit)[27m[K[K [KESCESC[KOO[KBB[K[m
[7m Manual page wc(1) line 40 (press h for help or q to quit)[27m[K[K [KESCESC[KOO[KBB[KGNU coreutils 8.30               February 2019                           WC(1)[m
[7m Manual page wc(1) line 41 (press h for help or q to quit)[27m[K[K [KESCESC[KOO[KBB[K[K[7m Manual page wc(1) line 41/62 (END) (press h for help or q to quit)[27m[K[K [KESCESC[KOO[KBB[K[K[7m Manual page wc(1) line 41/62 (END) (press h for help or q to quit)[27m[K[K [KESCESC[KOO[KBB[K[K[7m Manual page wc(1) line 41/62 (END) (press h for help or q to quit)[27m[K[K [KESCESC[KOO[KBB[K[K[7m Manual page wc(1) line 41/62 (END) (press h for help or q to quit)[27m[K[K [KESCESC[KOO[KBB[K[K[7m Manual page wc(1) line 41/62 (END) (press h for help or q to quit)[27m[K[K [KESCESC[KOO[KBB[K[K[7m Manual page wc(1) line 41/62 (END) (press h for help or q to quit)[27m[K[K [KESCESC[KOO[KBB[K[K[7m Manual page wc(1) line 41/62 (END) (press h for help or q to quit)[27m[K[K [KESCESC[KOO[KBB[K[K[7m Manual page wc(1) line 41/62 (END) (press h for help or q to quit)[27m[K[K [KESCESC[KOO[KBB[K[K[7m Manual page wc(1) line 41/62 (END) (press h for help or q to quit)[27m[K[K [KESCESC[KOO[KBB[K[K[7m Manual page wc(1) line 41/62 (END) (press h for help or q to quit)[27m[K[K[?1l>[?1049l[23;0;0trbey1@g7-22:~/i240b/submit/lab6$ wc bin-c.log
 9  9 90 bin-c.log
rbey1@g7-22:~/i240b/submit/lab6$ man tr
[?1049h[22;0;0t[?1h=TR(1)                            User Commands                           TR(1)[m
[m
[1mNAME[0m[m
       tr - translate or delete characters[m
[m
[1mSYNOPSIS[0m[m
       [1mtr[0m [[4mOPTION[24m]... [4mSET1[24m [[4mSET2[24m][m
[m
[1mDESCRIPTION[0m[m
       Translate, squeeze, and/or delete characters from standard input, writ‚Äê[m
       ing to standard output.[m
[m
       [1m-c[0m, [1m-C[0m, [1m--complement[0m[m
              use the complement of SET1[m
[m
       [1m-d[0m, [1m--delete[0m[m
              delete characters in SET1, do not translate[m
[m
       [1m-s[0m, [1m--squeeze-repeats[0m[m
              replace each sequence of a repeated character that is listed  in[m
              the last specified SET, with a single occurrence of that charac‚Äê[m
              ter[m
[7m Manual page tr(1) line 1 (press h for help or q to quit)[27m[K[K [KESCESC[KOO[KBB[K[m
[7m Manual page tr(1) line 2 (press h for help or q to quit)[27m[K[K [KESCESC[KOO[KBB[K       [1m-t[0m, [1m--truncate-set1[0m[m
[7m Manual page tr(1) line 3 (press h for help or q to quit)[27m[K[K [KESCESC[KOO[KBB[K              first truncate SET1 to length of SET2[m
[7m Manual page tr(1) line 4 (press h for help or q to quit)[27m[K[K [KESCESC[KOO[KBB[K[m
[7m Manual page tr(1) line 5 (press h for help or q to quit)[27m[K[K [KESCESC[KOO[KBB[K       [1m--help[0m display this help and exit[m
[7m Manual page tr(1) line 6 (press h for help or q to quit)[27m[K[K [KESCESC[KOO[KBB[K[m
[7m Manual page tr(1) line 7 (press h for help or q to quit)[27m[K[K [KESCESC[KOO[KBB[K       [1m--version[0m[m
[7m Manual page tr(1) line 8 (press h for help or q to quit)[27m[K[K [KESCESC[KOO[KBB[K              output version information and exit[m
[7m Manual page tr(1) line 9 (press h for help or q to quit)[27m[K[K [KESCESC[KOO[KBB[K[m
[7m Manual page tr(1) line 10 (press h for help or q to quit)[27m[K[K [KESCESC[KOO[KBB[K       SETs are specified as strings  of  characters.   Most  represent  them‚Äê[m
[7m Manual page tr(1) line 11 (press h for help or q to quit)[27m[K[K [KESCESC[KOO[KBB[K       selves.  Interpreted sequences are:[m
[7m Manual page tr(1) line 12 (press h for help or q to quit)[27m[K[K [KESCESC[KOO[KBB[K[m
[7m Manual page tr(1) line 13 (press h for help or q to quit)[27m[K[K [KESCESC[KOO[KBB[K       \NNN   character with octal value NNN (1 to 3 octal digits)[m
[7m Manual page tr(1) line 14 (press h for help or q to quit)[27m[K[K [KESCESC[KOO[KBB[K[m
[7m Manual page tr(1) line 15 (press h for help or q to quit)[27m[K[K [KESCESC[KOO[KBB[K       \\     backslash[m
[7m Manual page tr(1) line 16 (press h for help or q to quit)[27m[K[K [KESCESC[KOO[KBB[K[m
[7m Manual page tr(1) line 17 (press h for help or q to quit)[27m[K[K [KESCESC[KOO[KBB[K       \a     audible BEL[m
[7m Manual page tr(1) line 18 (press h for help or q to quit)[27m[K[K [KESCESC[KOO[KBB[K[m
[7m Manual page tr(1) line 19 (press h for help or q to quit)[27m[K[K [KESCESC[KOO[KBB[K       \b     backspace[m
[7m Manual page tr(1) line 20 (press h for help or q to quit)[27m[K[K [KESCESC[KOO[KBB[K[m
[7m Manual page tr(1) line 21 (press h for help or q to quit)[27m[K[K [KESCESC[KOO[KBB[K       \f     form feed[m
[7m Manual page tr(1) line 22 (press h for help or q to quit)[27m[K[K [KESCESC[KOO[KBB[K[m
[7m Manual page tr(1) line 23 (press h for help or q to quit)[27m[K[K [KESCESC[KOO[KBB[K       \n     new line[m
[7m Manual page tr(1) line 24 (press h for help or q to quit)[27m[K[K [KESCESC[KOO[KBB[K[m
[7m Manual page tr(1) line 25 (press h for help or q to quit)[27m[K[K [KESCESC[KOO[KBB[K       \r     return[m
[7m Manual page tr(1) line 26 (press h for help or q to quit)[27m[K[K [KESCESC[KOO[KBB[K[m
[7m Manual page tr(1) line 27 (press h for help or q to quit)[27m[K[K [KESCESC[KOO[KBB[K       \t     horizontal tab[m
[7m Manual page tr(1) line 28 (press h for help or q to quit)[27m[K[K [KESCESC[KOO[KBB[K[m
[7m Manual page tr(1) line 29 (press h for help or q to quit)[27m[K[K [KESCESC[KOO[KBB[K       \v     vertical tab[m
[7m Manual page tr(1) line 30 (press h for help or q to quit)[27m[K[K [KESCESC[KOO[KBB[K[m
[7m Manual page tr(1) line 31 (press h for help or q to quit)[27m[K[K [KESCESC[KOO[KBB[K       CHAR1-CHAR2[m
[7m Manual page tr(1) line 32 (press h for help or q to quit)[27m[K[K [KESCESC[KOO[KBB[K              all characters from CHAR1 to CHAR2 in ascending order[m
[7m Manual page tr(1) line 33 (press h for help or q to quit)[27m[K[K [KESCESC[KOO[KBB[K[m
[7m Manual page tr(1) line 34 (press h for help or q to quit)[27m[K[K [KESCESC[KOO[KBB[K       [CHAR*][m
[7m Manual page tr(1) line 35 (press h for help or q to quit)[27m[K[K [KESCESC[KOO[KBB[K              in SET2, copies of CHAR until length of SET1[m
[7m Manual page tr(1) line 36 (press h for help or q to quit)[27m[K[K [KESCESC[KOO[KBB[K[m
[7m Manual page tr(1) line 37 (press h for help or q to quit)[27m[K[K [KESCESC[KOO[KBB[K       [CHAR*REPEAT][m
[7m Manual page tr(1) line 38 (press h for help or q to quit)[27m[K[K [KESCESC[KOO[KBB[K              REPEAT copies of CHAR, REPEAT octal if starting with 0[m
[7m Manual page tr(1) line 39 (press h for help or q to quit)[27m[K[K [KESCESC[KOO[KBB[K[m
[7m Manual page tr(1) line 40 (press h for help or q to quit)[27m[K[K [KESCESC[KOO[KBB[K       [:alnum:][m
[7m Manual page tr(1) line 41 (press h for help or q to quit)[27m[K[K [KESCESC[KOO[KBB[K              all letters and digits[m
[7m Manual page tr(1) line 42 (press h for help or q to quit)[27m[K[K [KESCESC[KOO[KBB[K[m
[7m Manual page tr(1) line 43 (press h for help or q to quit)[27m[K[K [KESCESC[KOO[KBB[K       [:alpha:][m
[7m Manual page tr(1) line 44 (press h for help or q to quit)[27m[K[K [KESCESC[KOO[KBB[K              all letters[m
[7m Manual page tr(1) line 45 (press h for help or q to quit)[27m[K[K [KESCESC[KOO[KBB[K[m
[7m Manual page tr(1) line 46 (press h for help or q to quit)[27m[K[K [KESCESC[KOO[KBB[K       [:blank:][m
[7m Manual page tr(1) line 47 (press h for help or q to quit)[27m[K[K [KESCESC[KOO[KBB[K              all horizontal whitespace[m
[7m Manual page tr(1) line 48 (press h for help or q to quit)[27m[K[K [KESCESC[KOO[KBB[K[m
[7m Manual page tr(1) line 49 (press h for help or q to quit)[27m[K[K [KESCESC[KOO[KBB[K       [:cntrl:][m
[7m Manual page tr(1) line 50 (press h for help or q to quit)[27m[K[K [KESCESC[KOO[KBB[K              all control characters[m
[7m Manual page tr(1) line 51 (press h for help or q to quit)[27m[K[K [KESCESC[KOO[KBB[K[m
[7m Manual page tr(1) line 52 (press h for help or q to quit)[27m[K[K [KESCESC[KOO[KBB[K       [:digit:][m
[7m Manual page tr(1) line 53 (press h for help or q to quit)[27m[K[K [KESCESC[KOO[KBB[K              all digits[m
[7m Manual page tr(1) line 54 (press h for help or q to quit)[27m[K[K [KESCESC[KOO[KBB[K[m
[7m Manual page tr(1) line 55 (press h for help or q to quit)[27m[K[K [KESCESC[KOO[KBB[K       [:graph:][m
[7m Manual page tr(1) line 56 (press h for help or q to quit)[27m[K[K [KESCESC[KOO[KBB[K              all printable characters, not including space[m
[7m Manual page tr(1) line 57 (press h for help or q to quit)[27m[K[K [KESCESC[KOO[KBB[K[m
[7m Manual page tr(1) line 58 (press h for help or q to quit)[27m[K[K [KESCESC[KOO[KBB[K       [:lower:][m
[7m Manual page tr(1) line 59 (press h for help or q to quit)[27m[K[K [KESCESC[KOO[KBB[K              all lower case letters[m
[7m Manual page tr(1) line 60 (press h for help or q to quit)[27m[K[K [KESCESC[KOO[KBB[K[m
[7m Manual page tr(1) line 61 (press h for help or q to quit)[27m[K[K [KESCESC[KOO[KBB[K       [:print:][m
[7m Manual page tr(1) line 62 (press h for help or q to quit)[27m[K[K [KESCESC[KOO[KBB[K              all printable characters, including space[m
[7m Manual page tr(1) line 63 (press h for help or q to quit)[27m[K[K [KESCESC[KOO[KBB[K[m
[7m Manual page tr(1) line 64 (press h for help or q to quit)[27m[K[K [KESCESC[KOO[KBB[K       [:punct:][m
[7m Manual page tr(1) line 65 (press h for help or q to quit)[27m[K[K [KESCESC[KOO[KBB[K              all punctuation characters[m
[7m Manual page tr(1) line 66 (press h for help or q to quit)[27m[K[K [KESCESC[KOO[KBB[K[m
[7m Manual page tr(1) line 67 (press h for help or q to quit)[27m[K[K [KESCESC[KOO[KBB[K       [:space:][m
[7m Manual page tr(1) line 68 (press h for help or q to quit)[27m[K[K [KESCESC[KOO[KBB[K              all horizontal or vertical whitespace[m
[7m Manual page tr(1) line 69 (press h for help or q to quit)[27m[K[K [KESCESC[KOO[KBB[K[m
[7m Manual page tr(1) line 70 (press h for help or q to quit)[27m[K[K [KESCESC[KOO[KBB[K       [:upper:][m
[7m Manual page tr(1) line 71 (press h for help or q to quit)[27m[K[K [KESCESC[KOO[KBB[K              all upper case letters[m
[7m Manual page tr(1) line 72 (press h for help or q to quit)[27m[K[K [KESCESC[KOO[KBB[K[m
[7m Manual page tr(1) line 73 (press h for help or q to quit)[27m[K[K [KESCESC[KOO[KBB[K       [:xdigit:][m
[7m Manual page tr(1) line 74 (press h for help or q to quit)[27m[K[K [KESCESC[KOO[KBB[K              all hexadecimal digits[m
[7m Manual page tr(1) line 75 (press h for help or q to quit)[27m[K[K [KESCESC[KOO[KBB[K[m
[7m Manual page tr(1) line 76 (press h for help or q to quit)[27m[K[K [KESCESC[KOO[KBB[K       [=CHAR=][m
[7m Manual page tr(1) line 77 (press h for help or q to quit)[27m[K[K [KESCESC[KOO[KBB[K              all characters which are equivalent to CHAR[m
[7m Manual page tr(1) line 78 (press h for help or q to quit)[27m[K[K [KESCESC[KOO[KBB[K[m
[7m Manual page tr(1) line 79 (press h for help or q to quit)[27m[K[K [KESCESC[KOO[KBB[K       Translation  occurs  if  [1m-d[0m is not given and both SET1 and SET2 appear.[m
[7m Manual page tr(1) line 80 (press h for help or q to quit)[27m[K[K [KESCESC[KOO[KBB[K       [1m-t[0m may be used only when translating.  SET2 is extended  to  length  of[m
[7m Manual page tr(1) line 81 (press h for help or q to quit)[27m[K[K [KESCESC[KOO[KBB[K       SET1  by  repeating its last character as necessary.  Excess characters[m
[7m Manual page tr(1) line 82 (press h for help or q to quit)[27m[K[K [KESCESC[KOO[KBB[K       of SET2 are ignored.  Only [:lower:] and [:upper:]  are  guaranteed  to[m
[7m Manual page tr(1) line 83 (press h for help or q to quit)[27m[K[K [KESCESC[KOO[KBB[K       expand  in  ascending  order;  used in SET2 while translating, they may[m
[7m Manual page tr(1) line 84 (press h for help or q to quit)[27m[K[K [KESCESC[KOO[KBB[K       only be used in pairs to specify case conversion.   [1m-s[0m  uses  the  last[m
[7m Manual page tr(1) line 85 (press h for help or q to quit)[27m[K[K [KESCESC[KOO[KBB[K       specified SET, and occurs after translation or deletion.[m
[7m Manual page tr(1) line 86 (press h for help or q to quit)[27m[K[K [KESCESC[KOO[KBB[K[m
[7m Manual page tr(1) line 87 (press h for help or q to quit)[27m[K[K [KESCESC[KOO[KBB[K[1mAUTHOR[0m[m
[7m Manual page tr(1) line 88 (press h for help or q to quit)[27m[K[K [KESCESC[KOO[KBB[K       Written by Jim Meyering.[m
[7m Manual page tr(1) line 89 (press h for help or q to quit)[27m[K[K [KESCESC[KOO[KBB[K[m
[7m Manual page tr(1) line 90 (press h for help or q to quit)[27m[K[K [KESCESC[KOO[KBB[K[1mREPORTING[0m [1mBUGS[0m[m
[7m Manual page tr(1) line 91 (press h for help or q to quit)[27m[K[K [KESCESC[KOO[KBB[K       GNU coreutils online help: <https://www.gnu.org/software/coreutils/>[m
[7m Manual page tr(1) line 92 (press h for help or q to quit)[27m[K[K [KESCESC[KOO[KBB[K       Report tr translation bugs to <https://translationproject.org/team/>[m
[7m Manual page tr(1) line 93 (press h for help or q to quit)[27m[K[K [KESCESC[KOO[KBB[K[m
[7m Manual page tr(1) line 94 (press h for help or q to quit)[27m[K[K [KESCESC[KOO[KBB[K[1mCOPYRIGHT[0m[m
[7m Manual page tr(1) line 95 (press h for help or q to quit)[27m[K[K [KESCESC[KOO[KBB[K       Copyright  ¬©  2018  Free Software Foundation, Inc.  License GPLv3+: GNU[m
[7m Manual page tr(1) line 96 (press h for help or q to quit)[27m[K[K [KESCESC[KOO[KBB[K       GPL version 3 or later <https://gnu.org/licenses/gpl.html>.[m
[7m Manual page tr(1) line 97 (press h for help or q to quit)[27m[K[K [KESCESC[KOO[KBB[K       This is free software: you are free  to  change  and  redistribute  it.[m
[7m Manual page tr(1) line 98 (press h for help or q to quit)[27m[K[K [KESCESC[KOO[KBB[K       There is NO WARRANTY, to the extent permitted by law.[m
[7m Manual page tr(1) line 99 (press h for help or q to quit)[27m[K[K [KESCESC[KOO[KBB[K[m
[7m Manual page tr(1) line 100 (press h for help or q to quit)[27m[K[K [KESCESC[KOO[KBB[K[1mSEE[0m [1mALSO[0m[m
[7m Manual page tr(1) line 101 (press h for help or q to quit)[27m[K[K [KESCESC[KOO[KBB[K       Full documentation at: <https://www.gnu.org/software/coreutils/tr>[m
[7m Manual page tr(1) line 102 (press h for help or q to quit)[27m[K[K [KESCESC[KOO[KAA[K[HM       Translation  occurs  if  [1m-d[0m is not given and both SET1 and SET2 appear.[m
[23;1H[K[7m Manual page tr(1) line 101 (press h for help or q to quit)[27m[K[K [KESCESC[KOO[KAA[K[HM[m
[23;1H[K[7m Manual page tr(1) line 100 (press h for help or q to quit)[27m[K[K [KESCESC[KOO[KAA[K[HM              all characters which are equivalent to CHAR[m
[23;1H[K[7m Manual page tr(1) line 99 (press h for help or q to quit)[27m[K[K [KESCESC[KOO[KAA[K[HM       [=CHAR=][m
[23;1H[K[7m Manual page tr(1) line 98 (press h for help or q to quit)[27m[K[K [KESCESC[KOO[KAA[K[HM[m
[23;1H[K[7m Manual page tr(1) line 97 (press h for help or q to quit)[27m[K[K [KESCESC[KOO[KAA[K[HM              all hexadecimal digits[m
[23;1H[K[7m Manual page tr(1) line 96 (press h for help or q to quit)[27m[K[K [KESCESC[KOO[KAA[K[HM       [:xdigit:][m
[23;1H[K[7m Manual page tr(1) line 95 (press h for help or q to quit)[27m[K[K [KESCESC[KOO[KAA[K[HM[m
[23;1H[K[7m Manual page tr(1) line 94 (press h for help or q to quit)[27m[K[K [KESCESC[KOO[KAA[K[HM              all upper case letters[m
[23;1H[K[7m Manual page tr(1) line 93 (press h for help or q to quit)[27m[K[K [KESCESC[KOO[KAA[K[HM       [:upper:][m
[23;1H[K[7m Manual page tr(1) line 92 (press h for help or q to quit)[27m[K[K [KESCESC[KOO[KAA[K[HM[m
[23;1H[K[7m Manual page tr(1) line 91 (press h for help or q to quit)[27m[K[K [KESCESC[KOO[KAA[K[HM              all horizontal or vertical whitespace[m
[23;1H[K[7m Manual page tr(1) line 90 (press h for help or q to quit)[27m[K[K [KESCESC[KOO[KAA[K[HM       [:space:][m
[23;1H[K[7m Manual page tr(1) line 89 (press h for help or q to quit)[27m[K[K [KESCESC[KOO[KAA[K[HM[m
[23;1H[K[7m Manual page tr(1) line 88 (press h for help or q to quit)[27m[K[K [KESCESC[KOO[KAA[K[HM              all punctuation characters[m
[23;1H[K[7m Manual page tr(1) line 87 (press h for help or q to quit)[27m[K[K [KESCESC[KOO[KAA[K[HM       [:punct:][m
[23;1H[K[7m Manual page tr(1) line 86 (press h for help or q to quit)[27m[K[K [KESCESC[KOO[KAA[K[HM[m
[23;1H[K[7m Manual page tr(1) line 85 (press h for help or q to quit)[27m[K[K [KESCESC[KOO[KAA[K[HM              all printable characters, including space[m
[23;1H[K[7m Manual page tr(1) line 84 (press h for help or q to quit)[27m[K[K [KESCESC[KOO[KAA[K[HM       [:print:][m
[23;1H[K[7m Manual page tr(1) line 83 (press h for help or q to quit)[27m[K[K [KESCESC[KOO[KAA[K[HM[m
[23;1H[K[7m Manual page tr(1) line 82 (press h for help or q to quit)[27m[K[K [KESCESC[KOO[KAA[K[HM              all lower case letters[m
[23;1H[K[7m Manual page tr(1) line 81 (press h for help or q to quit)[27m[K[K [KESCESC[KOO[KAA[K[HM       [:lower:][m
[23;1H[K[7m Manual page tr(1) line 80 (press h for help or q to quit)[27m[K[K [KESCESC[KOO[KAA[K[HM[m
[23;1H[K[7m Manual page tr(1) line 79 (press h for help or q to quit)[27m[K[K [KESCESC[KOO[KAA[K[HM              all printable characters, not including space[m
[23;1H[K[7m Manual page tr(1) line 78 (press h for help or q to quit)[27m[K[K [KESCESC[KOO[KAA[K[HM       [:graph:][m
[23;1H[K[7m Manual page tr(1) line 77 (press h for help or q to quit)[27m[K[K [KESCESC[KOO[KAA[K[HM[m
[23;1H[K[7m Manual page tr(1) line 76 (press h for help or q to quit)[27m[K[K [KESCESC[KOO[KAA[K[HM              all digits[m
[23;1H[K[7m Manual page tr(1) line 75 (press h for help or q to quit)[27m[K[K [KESCESC[KOO[KAA[K[HM       [:digit:][m
[23;1H[K[7m Manual page tr(1) line 74 (press h for help or q to quit)[27m[K[K [KESCESC[KOO[KAA[K[HM[m
[23;1H[K[7m Manual page tr(1) line 73 (press h for help or q to quit)[27m[K[K [KESCESC[KOO[KAA[K[HM              all control characters[m
[23;1H[K[7m Manual page tr(1) line 72 (press h for help or q to quit)[27m[K[K [KESCESC[KOO[KAA[K[HM       [:cntrl:][m
[23;1H[K[7m Manual page tr(1) line 71 (press h for help or q to quit)[27m[K[K [KESCESC[KOO[KAA[K[HM[m
[23;1H[K[7m Manual page tr(1) line 70 (press h for help or q to quit)[27m[K[K [KESCESC[KOO[KAA[K[HM              all horizontal whitespace[m
[23;1H[K[7m Manual page tr(1) line 69 (press h for help or q to quit)[27m[K[K [KESCESC[KOO[KAA[K[HM       [:blank:][m
[23;1H[K[7m Manual page tr(1) line 68 (press h for help or q to quit)[27m[K[K [KESCESC[KOO[KAA[K[HM[m
[23;1H[K[7m Manual page tr(1) line 67 (press h for help or q to quit)[27m[K[K [KESCESC[KOO[KAA[K[HM              all letters[m
[23;1H[K[7m Manual page tr(1) line 66 (press h for help or q to quit)[27m[K[K [KESCESC[KOO[KAA[K[HM       [:alpha:][m
[23;1H[K[7m Manual page tr(1) line 65 (press h for help or q to quit)[27m[K[K [KESCESC[KOO[KAA[K[HM[m
[23;1H[K[7m Manual page tr(1) line 64 (press h for help or q to quit)[27m[K[K [KESCESC[KOO[KAA[K[HM              all letters and digits[m
[23;1H[K[7m Manual page tr(1) line 63 (press h for help or q to quit)[27m[K[K [KESCESC[KOO[KAA[K[HM       [:alnum:][m
[23;1H[K[7m Manual page tr(1) line 62 (press h for help or q to quit)[27m[K[K [KESCESC[KOO[KAA[K[HM[m
[23;1H[K[7m Manual page tr(1) line 61 (press h for help or q to quit)[27m[K[K [KESCESC[KOO[KAA[K[HM              REPEAT copies of CHAR, REPEAT octal if starting with 0[m
[23;1H[K[7m Manual page tr(1) line 60 (press h for help or q to quit)[27m[K[K [KESCESC[KOO[KAA[K[HM       [CHAR*REPEAT][m
[23;1H[K[7m Manual page tr(1) line 59 (press h for help or q to quit)[27m[K[K [KESCESC[KOO[KAA[K[HM[m
[23;1H[K[7m Manual page tr(1) line 58 (press h for help or q to quit)[27m[K[K [KESCESC[KOO[KAA[K[HM              in SET2, copies of CHAR until length of SET1[m
[23;1H[K[7m Manual page tr(1) line 57 (press h for help or q to quit)[27m[K[K [KESCESC[KOO[KAA[K[HM       [CHAR*][m
[23;1H[K[7m Manual page tr(1) line 56 (press h for help or q to quit)[27m[K[K [KESCESC[KOO[KAA[K[HM[m
[23;1H[K[7m Manual page tr(1) line 55 (press h for help or q to quit)[27m[K[K [KESCESC[KOO[KAA[K[HM              all characters from CHAR1 to CHAR2 in ascending order[m
[23;1H[K[7m Manual page tr(1) line 54 (press h for help or q to quit)[27m[K[K [KESCESC[KOO[KAA[K[HM       CHAR1-CHAR2[m
[23;1H[K[7m Manual page tr(1) line 53 (press h for help or q to quit)[27m[K[K [KESCESC[KOO[KAA[K[HM[m
[23;1H[K[7m Manual page tr(1) line 52 (press h for help or q to quit)[27m[K[K [KESCESC[KOO[KAA[K[HM       \v     vertical tab[m
[23;1H[K[7m Manual page tr(1) line 51 (press h for help or q to quit)[27m[K[K [KESCESC[KOO[KAA[K[HM[m
[23;1H[K[7m Manual page tr(1) line 50 (press h for help or q to quit)[27m[K[K [KESCESC[KOO[KAA[K[HM       \t     horizontal tab[m
[23;1H[K[7m Manual page tr(1) line 49 (press h for help or q to quit)[27m[K[K [KESCESC[KOO[KAA[K[HM[m
[23;1H[K[7m Manual page tr(1) line 48 (press h for help or q to quit)[27m[K[K [KESCESC[KOO[KAA[K[HM       \r     return[m
[23;1H[K[7m Manual page tr(1) line 47 (press h for help or q to quit)[27m[K[K [KESCESC[KOO[KAA[K[HM[m
[23;1H[K[7m Manual page tr(1) line 46 (press h for help or q to quit)[27m[K[K [KESCESC[KOO[KAA[K[HM       \n     new line[m
[23;1H[K[7m Manual page tr(1) line 45 (press h for help or q to quit)[27m[K[K [KESCESC[KOO[KAA[K[HM[m
[23;1H[K[7m Manual page tr(1) line 44 (press h for help or q to quit)[27m[K[K [KESCESC[KOO[KAA[K[HM       \f     form feed[m
[23;1H[K[7m Manual page tr(1) line 43 (press h for help or q to quit)[27m[K[K [KESCESC[KOO[KAA[K[HM[m
[23;1H[K[7m Manual page tr(1) line 42 (press h for help or q to quit)[27m[K[K [KESCESC[KOO[KAA[K[HM       \b     backspace[m
[23;1H[K[7m Manual page tr(1) line 41 (press h for help or q to quit)[27m[K[K [KESCESC[KOO[KAA[K[HM[m
[23;1H[K[7m Manual page tr(1) line 40 (press h for help or q to quit)[27m[K[K [KESCESC[KOO[KAA[K[HM       \a     audible BEL[m
[23;1H[K[7m Manual page tr(1) line 39 (press h for help or q to quit)[27m[K[K [KESCESC[KOO[KAA[K[HM[m
[23;1H[K[7m Manual page tr(1) line 38 (press h for help or q to quit)[27m[K[K [KESCESC[KOO[KAA[K[HM       \\     backslash[m
[23;1H[K[7m Manual page tr(1) line 37 (press h for help or q to quit)[27m[K[K [KESCESC[KOO[KAA[K[HM[m
[23;1H[K[7m Manual page tr(1) line 36 (press h for help or q to quit)[27m[K[K [KESCESC[KOO[KAA[K[HM       \NNN   character with octal value NNN (1 to 3 octal digits)[m
[23;1H[K[7m Manual page tr(1) line 35 (press h for help or q to quit)[27m[K[K [KESCESC[KOO[KAA[K[HM[m
[23;1H[K[7m Manual page tr(1) line 34 (press h for help or q to quit)[27m[K[K [KESCESC[KOO[KAA[K[HM       selves.  Interpreted sequences are:[m
[23;1H[K[7m Manual page tr(1) line 33 (press h for help or q to quit)[27m[K[K [KESCESC[KOO[KAA[K[HM       SETs are specified as strings  of  characters.   Most  represent  them‚Äê[m
[23;1H[K[7m Manual page tr(1) line 32 (press h for help or q to quit)[27m[K[K [KESCESC[KOO[KAA[K[HM[m
[23;1H[K[7m Manual page tr(1) line 31 (press h for help or q to quit)[27m[K[K [KESCESC[KOO[KBB[K       CHAR1-CHAR2[m
[7m Manual page tr(1) line 32 (press h for help or q to quit)[27m[K[K [KESCESC[KOO[KBB[K              all characters from CHAR1 to CHAR2 in ascending order[m
[7m Manual page tr(1) line 33 (press h for help or q to quit)[27m[K[K [KESCESC[KOO[KBB[K[m
[7m Manual page tr(1) line 34 (press h for help or q to quit)[27m[K[K [KESCESC[KOO[KBB[K       [CHAR*][m
[7m Manual page tr(1) line 35 (press h for help or q to quit)[27m[K[K [KESCESC[KOO[KBB[K              in SET2, copies of CHAR until length of SET1[m
[7m Manual page tr(1) line 36 (press h for help or q to quit)[27m[K[K [KESCESC[KOO[KBB[K[m
[7m Manual page tr(1) line 37 (press h for help or q to quit)[27m[K[K [KESCESC[KOO[KBB[K       [CHAR*REPEAT][m
[7m Manual page tr(1) line 38 (press h for help or q to quit)[27m[K[K [KESCESC[KOO[KBB[K              REPEAT copies of CHAR, REPEAT octal if starting with 0[m
[7m Manual page tr(1) line 39 (press h for help or q to quit)[27m[K[K [KESCESC[KOO[KBB[K[m
[7m Manual page tr(1) line 40 (press h for help or q to quit)[27m[K[K [KESCESC[KOO[KBB[K       [:alnum:][m
[7m Manual page tr(1) line 41 (press h for help or q to quit)[27m[K[K [KESCESC[KOO[KAA[K[HM[m
[23;1H[K[7m Manual page tr(1) line 40 (press h for help or q to quit)[27m[K[K [KESCESC[KOO[KAA[K[HM       \a     audible BEL[m
[23;1H[K[7m Manual page tr(1) line 39 (press h for help or q to quit)[27m[K[K [KESCESC[KOO[KAA[K[HM[m
[23;1H[K[7m Manual page tr(1) line 38 (press h for help or q to quit)[27m[K[K [KESCESC[KOO[KAA[K[HM       \\     backslash[m
[23;1H[K[7m Manual page tr(1) line 37 (press h for help or q to quit)[27m[K[K [KESCESC[KOO[KAA[K[HM[m
[23;1H[K[7m Manual page tr(1) line 36 (press h for help or q to quit)[27m[K[K [KESCESC[KOO[KAA[K[HM       \NNN   character with octal value NNN (1 to 3 octal digits)[m
[23;1H[K[7m Manual page tr(1) line 35 (press h for help or q to quit)[27m[K[K [KESCESC[KOO[KAA[K[HM[m
[23;1H[K[7m Manual page tr(1) line 34 (press h for help or q to quit)[27m[K[K [KESCESC[KOO[KAA[K[HM       selves.  Interpreted sequences are:[m
[23;1H[K[7m Manual page tr(1) line 33 (press h for help or q to quit)[27m[K[K [KESCESC[KOO[KAA[K[HM       SETs are specified as strings  of  characters.   Most  represent  them‚Äê[m
[23;1H[K[7m Manual page tr(1) line 32 (press h for help or q to quit)[27m[K[K [KESCESC[KOO[KAA[K[HM[m
[23;1H[K[7m Manual page tr(1) line 31 (press h for help or q to quit)[27m[K[K [KESCESC[KOO[KAA[K[HM              output version information and exit[m
[23;1H[K[7m Manual page tr(1) line 30 (press h for help or q to quit)[27m[K[K [KESCESC[KOO[KAA[K[HM       [1m--version[0m[m
[23;1H[K[7m Manual page tr(1) line 29 (press h for help or q to quit)[27m[K[K [KESCESC[KOO[KAA[K[HM[m
[23;1H[K[7m Manual page tr(1) line 28 (press h for help or q to quit)[27m[K[K [KESCESC[KOO[KAA[K[HM       [1m--help[0m display this help and exit[m
[23;1H[K[7m Manual page tr(1) line 27 (press h for help or q to quit)[27m[K[K [KESCESC[KOO[KAA[K[HM[m
[23;1H[K[7m Manual page tr(1) line 26 (press h for help or q to quit)[27m[K[K [KESCESC[KOO[KAA[K[HM              first truncate SET1 to length of SET2[m
[23;1H[K[7m Manual page tr(1) line 25 (press h for help or q to quit)[27m[K[K [KESCESC[KOO[KAA[K[HM       [1m-t[0m, [1m--truncate-set1[0m[m
[23;1H[K[7m Manual page tr(1) line 24 (press h for help or q to quit)[27m[K[K [KESCESC[KOO[KAA[K[HM[m
[23;1H[K[7m Manual page tr(1) line 23 (press h for help or q to quit)[27m[K[K [KESCESC[KOO[KAA[K[HM              ter[m
[23;1H[K[7m Manual page tr(1) line 22 (press h for help or q to quit)[27m[K[K [KESCESC[KOO[KAA[K[HM              the last specified SET, with a single occurrence of that charac‚Äê[m
[23;1H[K[7m Manual page tr(1) line 21 (press h for help or q to quit)[27m[K[K [KESCESC[KOO[KAA[K[HM              replace each sequence of a repeated character that is listed  in[m
[23;1H[K[7m Manual page tr(1) line 20 (press h for help or q to quit)[27m[K[K [KESCESC[KOO[KAA[K[HM       [1m-s[0m, [1m--squeeze-repeats[0m[m
[23;1H[K[7m Manual page tr(1) line 19 (press h for help or q to quit)[27m[K[K [KESCESC[KOO[KAA[K[HM[m
[23;1H[K[7m Manual page tr(1) line 18 (press h for help or q to quit)[27m[K[K [KESCESC[KOO[KAA[K[HM              delete characters in SET1, do not translate[m
[23;1H[K[7m Manual page tr(1) line 17 (press h for help or q to quit)[27m[K[K [KESCESC[KOO[KAA[K[HM       [1m-d[0m, [1m--delete[0m[m
[23;1H[K[7m Manual page tr(1) line 16 (press h for help or q to quit)[27m[K[K [KESCESC[KOO[KAA[K[HM[m
[23;1H[K[7m Manual page tr(1) line 15 (press h for help or q to quit)[27m[K[K [KESCESC[KOO[KAA[K[HM              use the complement of SET1[m
[23;1H[K[7m Manual page tr(1) line 14 (press h for help or q to quit)[27m[K[K [KESCESC[KOO[KAA[K[HM       [1m-c[0m, [1m-C[0m, [1m--complement[0m[m
[23;1H[K[7m Manual page tr(1) line 13 (press h for help or q to quit)[27m[K[K [KESCESC[KOO[KAA[K[HM[m
[23;1H[K[7m Manual page tr(1) line 12 (press h for help or q to quit)[27m[K[K [KESCESC[KOO[KAA[K[HM       ing to standard output.[m
[23;1H[K[7m Manual page tr(1) line 11 (press h for help or q to quit)[27m[K[K [KESCESC[KOO[KAA[K[HM       Translate, squeeze, and/or delete characters from standard input, writ‚Äê[m
[23;1H[K[7m Manual page tr(1) line 10 (press h for help or q to quit)[27m[K[K [KESCESC[KOO[KAA[K[HM[1mDESCRIPTION[0m[m
[23;1H[K[7m Manual page tr(1) line 9 (press h for help or q to quit)[27m[K[K [KESCESC[KOO[KAA[K[HM[m
[23;1H[K[7m Manual page tr(1) line 8 (press h for help or q to quit)[27m[K[K [KESCESC[KOO[KAA[K[HM       [1mtr[0m [[4mOPTION[24m]... [4mSET1[24m [[4mSET2[24m][m
[23;1H[K[7m Manual page tr(1) line 7 (press h for help or q to quit)[27m[K[K [KESCESC[KOO[KAA[K[HM[1mSYNOPSIS[0m[m
[23;1H[K[7m Manual page tr(1) line 6 (press h for help or q to quit)[27m[K[K [KESCESC[KOO[KAA[K[HM[m
[23;1H[K[7m Manual page tr(1) line 5 (press h for help or q to quit)[27m[K[K [KESCESC[KOO[KAA[K[HM       tr - translate or delete characters[m
[23;1H[K[7m Manual page tr(1) line 4 (press h for help or q to quit)[27m[K[K [KESCESC[KOO[KAA[K[HM[1mNAME[0m[m
[23;1H[K[7m Manual page tr(1) line 3 (press h for help or q to quit)[27m[K[K [KESCESC[KOO[KAA[K[HM[m
[23;1H[K[7m Manual page tr(1) line 2 (press h for help or q to quit)[27m[K[K [KESCESC[KOO[KAA[K[HMTR(1)                            User Commands                           TR(1)[m
[23;1H[K[7m Manual page tr(1) line 1 (press h for help or q to quit)[27m[K[K [KESCESC[KOO[KAA[K[K[7m Manual page tr(1) line 1 (press h for help or q to quit)[27m[K[K [KESCESC[KOO[KAA[K[K[7m Manual page tr(1) line 1 (press h for help or q to quit)[27m[K[K [KESCESC[KOO[KAA[K[K[7m Manual page tr(1) line 1 (press h for help or q to quit)[27m[K[K [KESCESC[KOO[KAA[K[K[7m Manual page tr(1) line 1 (press h for help or q to quit)[27m[K[K[?1l>[?1049l[23;0;0trbey1@g7-22:~/i240b/submit/lab6$ ls -l [K[K[K[K[K[Kman tr
[?1049h[22;0;0t[?1h=TR(1)                            User Commands                           TR(1)[m
[m
[1mNAME[0m[m
       tr - translate or delete characters[m
[m
[1mSYNOPSIS[0m[m
       [1mtr[0m [[4mOPTION[24m]... [4mSET1[24m [[4mSET2[24m][m
[m
[1mDESCRIPTION[0m[m
       Translate, squeeze, and/or delete characters from standard input, writ‚Äê[m
       ing to standard output.[m
[m
       [1m-c[0m, [1m-C[0m, [1m--complement[0m[m
              use the complement of SET1[m
[m
       [1m-d[0m, [1m--delete[0m[m
              delete characters in SET1, do not translate[m
[m
       [1m-s[0m, [1m--squeeze-repeats[0m[m
              replace each sequence of a repeated character that is listed  in[m
              the last specified SET, with a single occurrence of that charac‚Äê[m
              ter[m
[7m Manual page tr(1) line 1 (press h for help or q to quit)[27m[K[K[?1l>[?1049l[23;0;0trbey1@g7-22:~/i240b/submit/lab6$ tr l [Ks -l [1P[1P[1P[C[C[C[C[C[C t r [C : u p p e r : 
ls: cannot access 'tr': No such file or directory
ls: cannot access ':upper:': No such file or directory
rbey1@g7-22:~/i240b/submit/lab6$ ls -l tr :upper: [11Pman tr
[?1049h[22;0;0t[?1h=TR(1)                            User Commands                           TR(1)[m
[m
[1mNAME[0m[m
       tr - translate or delete characters[m
[m
[1mSYNOPSIS[0m[m
       [1mtr[0m [[4mOPTION[24m]... [4mSET1[24m [[4mSET2[24m][m
[m
[1mDESCRIPTION[0m[m
       Translate, squeeze, and/or delete characters from standard input, writ‚Äê[m
       ing to standard output.[m
[m
       [1m-c[0m, [1m-C[0m, [1m--complement[0m[m
              use the complement of SET1[m
[m
       [1m-d[0m, [1m--delete[0m[m
              delete characters in SET1, do not translate[m
[m
       [1m-s[0m, [1m--squeeze-repeats[0m[m
              replace each sequence of a repeated character that is listed  in[m
              the last specified SET, with a single occurrence of that charac‚Äê[m
              ter[m
[7m Manual page tr(1) line 1 (press h for help or q to quit)[27m[K[K[?1l>[?1049l[23;0;0trbey1@g7-22:~/i240b/submit/lab6$ man trls -l tr :upper: [K[K[K[K[K[K[K[K[K[K[K[K[K[K[K[K[Ktr :upper: ls -l
tr: extra operand ‚Äò-l‚Äô
Try 'tr --help' for more information.
rbey1@g7-22:~/i240b/submit/lab6$ tr :upper: ls -l[K[K[K
rbey1@g7-22:~/i240b/submit/lab6$ tr :upper: ls[K[K[K[K[K[K[K[K[K[K[K[K[Ktr :upper: ls -l[10Pman trls -l tr :upper: [11Pman tr
[?1049h[22;0;0t[?1h=TR(1)                            User Commands                           TR(1)[m
[m
[1mNAME[0m[m
       tr - translate or delete characters[m
[m
[1mSYNOPSIS[0m[m
       [1mtr[0m [[4mOPTION[24m]... [4mSET1[24m [[4mSET2[24m][m
[m
[1mDESCRIPTION[0m[m
       Translate, squeeze, and/or delete characters from standard input, writ‚Äê[m
       ing to standard output.[m
[m
       [1m-c[0m, [1m-C[0m, [1m--complement[0m[m
              use the complement of SET1[m
[m
       [1m-d[0m, [1m--delete[0m[m
              delete characters in SET1, do not translate[m
[m
       [1m-s[0m, [1m--squeeze-repeats[0m[m
              replace each sequence of a repeated character that is listed  in[m
              the last specified SET, with a single occurrence of that charac‚Äê[m
              ter[m
[7m Manual page tr(1) line 1 (press h for help or q to quit)[27m[K[K [KESCESC[KOO[KBB[K[m
[7m Manual page tr(1) line 2 (press h for help or q to quit)[27m[K[K [KESCESC[KOO[KBB[K       [1m-t[0m, [1m--truncate-set1[0m[m
[7m Manual page tr(1) line 3 (press h for help or q to quit)[27m[K[K [KESCESC[KOO[KBB[K              first truncate SET1 to length of SET2[m
[7m Manual page tr(1) line 4 (press h for help or q to quit)[27m[K[K [KESCESC[KOO[KBB[K[m
[7m Manual page tr(1) line 5 (press h for help or q to quit)[27m[K[K [KESCESC[KOO[KBB[K       [1m--help[0m display this help and exit[m
[7m Manual page tr(1) line 6 (press h for help or q to quit)[27m[K[K [KESCESC[KOO[KBB[K[m
[7m Manual page tr(1) line 7 (press h for help or q to quit)[27m[K[K [KESCESC[KOO[KBB[K       [1m--version[0m[m
[7m Manual page tr(1) line 8 (press h for help or q to quit)[27m[K[K [KESCESC[KOO[KBB[K              output version information and exit[m
[7m Manual page tr(1) line 9 (press h for help or q to quit)[27m[K[K [KESCESC[KOO[KBB[K[m
[7m Manual page tr(1) line 10 (press h for help or q to quit)[27m[K[K [KESCESC[KOO[KBB[K       SETs are specified as strings  of  characters.   Most  represent  them‚Äê[m
[7m Manual page tr(1) line 11 (press h for help or q to quit)[27m[K[K [KESCESC[KOO[KBB[K       selves.  Interpreted sequences are:[m
[7m Manual page tr(1) line 12 (press h for help or q to quit)[27m[K[K [KESCESC[KOO[KBB[K[m
[7m Manual page tr(1) line 13 (press h for help or q to quit)[27m[K[K [KESCESC[KOO[KBB[K       \NNN   character with octal value NNN (1 to 3 octal digits)[m
[7m Manual page tr(1) line 14 (press h for help or q to quit)[27m[K[K [KESCESC[KOO[KBB[K[m
[7m Manual page tr(1) line 15 (press h for help or q to quit)[27m[K[K [KESCESC[KOO[KBB[K       \\     backslash[m
[7m Manual page tr(1) line 16 (press h for help or q to quit)[27m[K[K [KESCESC[KOO[KBB[K[m
[7m Manual page tr(1) line 17 (press h for help or q to quit)[27m[K[K [KESCESC[KOO[KBB[K       \a     audible BEL[m
[7m Manual page tr(1) line 18 (press h for help or q to quit)[27m[K[K [KESCESC[KOO[KBB[K[m
[7m Manual page tr(1) line 19 (press h for help or q to quit)[27m[K[K [KESCESC[KOO[KBB[K       \b     backspace[m
[7m Manual page tr(1) line 20 (press h for help or q to quit)[27m[K[K [KESCESC[KOO[KBB[K[m
[7m Manual page tr(1) line 21 (press h for help or q to quit)[27m[K[K [KESCESC[KOO[KBB[K       \f     form feed[m
[7m Manual page tr(1) line 22 (press h for help or q to quit)[27m[K[K [KESCESC[KOO[KBB[K[m
[7m Manual page tr(1) line 23 (press h for help or q to quit)[27m[K[K [KESCESC[KOO[KBB[K       \n     new line[m
[7m Manual page tr(1) line 24 (press h for help or q to quit)[27m[K[K [KESCESC[KOO[KBB[K[m
[7m Manual page tr(1) line 25 (press h for help or q to quit)[27m[K[K [KESCESC[KOO[KBB[K       \r     return[m
[7m Manual page tr(1) line 26 (press h for help or q to quit)[27m[K[K [KESCESC[KOO[KBB[K[m
[7m Manual page tr(1) line 27 (press h for help or q to quit)[27m[K[K [KESCESC[KOO[KBB[K       \t     horizontal tab[m
[7m Manual page tr(1) line 28 (press h for help or q to quit)[27m[K[K [KESCESC[KOO[KBB[K[m
[7m Manual page tr(1) line 29 (press h for help or q to quit)[27m[K[K [KESCESC[KOO[KBB[K       \v     vertical tab[m
[7m Manual page tr(1) line 30 (press h for help or q to quit)[27m[K[K [KESCESC[KOO[KBB[K[m
[7m Manual page tr(1) line 31 (press h for help or q to quit)[27m[K[K [KESCESC[KOO[KBB[K       CHAR1-CHAR2[m
[7m Manual page tr(1) line 32 (press h for help or q to quit)[27m[K[K [KESCESC[KOO[KBB[K              all characters from CHAR1 to CHAR2 in ascending order[m
[7m Manual page tr(1) line 33 (press h for help or q to quit)[27m[K[K [KESCESC[KOO[KBB[K[m
[7m Manual page tr(1) line 34 (press h for help or q to quit)[27m[K[K [KESCESC[KOO[KBB[K       [CHAR*][m
[7m Manual page tr(1) line 35 (press h for help or q to quit)[27m[K[K [KESCESC[KOO[KBB[K              in SET2, copies of CHAR until length of SET1[m
[7m Manual page tr(1) line 36 (press h for help or q to quit)[27m[K[K [KESCESC[KOO[KBB[K[m
[7m Manual page tr(1) line 37 (press h for help or q to quit)[27m[K[K [KESCESC[KOO[KBB[K       [CHAR*REPEAT][m
[7m Manual page tr(1) line 38 (press h for help or q to quit)[27m[K[K [KESCESC[KOO[KBB[K              REPEAT copies of CHAR, REPEAT octal if starting with 0[m
[7m Manual page tr(1) line 39 (press h for help or q to quit)[27m[K[K [KESCESC[KOO[KBB[K[m
[7m Manual page tr(1) line 40 (press h for help or q to quit)[27m[K[K [KESCESC[KOO[KBB[K       [:alnum:][m
[7m Manual page tr(1) line 41 (press h for help or q to quit)[27m[K[K [KESCESC[KOO[KBB[K              all letters and digits[m
[7m Manual page tr(1) line 42 (press h for help or q to quit)[27m[K[K [KESCESC[KOO[KBB[K[m
[7m Manual page tr(1) line 43 (press h for help or q to quit)[27m[K[K [KESCESC[KOO[KBB[K       [:alpha:][m
[7m Manual page tr(1) line 44 (press h for help or q to quit)[27m[K[K [KESCESC[KOO[KBB[K              all letters[m
[7m Manual page tr(1) line 45 (press h for help or q to quit)[27m[K[K [KESCESC[KOO[KBB[K[m
[7m Manual page tr(1) line 46 (press h for help or q to quit)[27m[K[K [KESCESC[KOO[KBB[K       [:blank:][m
[7m Manual page tr(1) line 47 (press h for help or q to quit)[27m[K[K [KESCESC[KOO[KBB[K              all horizontal whitespace[m
[7m Manual page tr(1) line 48 (press h for help or q to quit)[27m[K[K [KESCESC[KOO[KBB[K[m
[7m Manual page tr(1) line 49 (press h for help or q to quit)[27m[K[K [KESCESC[KOO[KBB[K       [:cntrl:][m
[7m Manual page tr(1) line 50 (press h for help or q to quit)[27m[K[K [KESCESC[KOO[KBB[K              all control characters[m
[7m Manual page tr(1) line 51 (press h for help or q to quit)[27m[K[K [KESCESC[KOO[KBB[K[m
[7m Manual page tr(1) line 52 (press h for help or q to quit)[27m[K[K [KESCESC[KOO[KBB[K       [:digit:][m
[7m Manual page tr(1) line 53 (press h for help or q to quit)[27m[K[K [KESCESC[KOO[KBB[K              all digits[m
[7m Manual page tr(1) line 54 (press h for help or q to quit)[27m[K[K [KESCESC[KOO[KBB[K[m
[7m Manual page tr(1) line 55 (press h for help or q to quit)[27m[K[K [KESCESC[KOO[KBB[K       [:graph:][m
[7m Manual page tr(1) line 56 (press h for help or q to quit)[27m[K[K [KESCESC[KOO[KBB[K              all printable characters, not including space[m
[7m Manual page tr(1) line 57 (press h for help or q to quit)[27m[K[K [KESCESC[KOO[KBB[K[m
[7m Manual page tr(1) line 58 (press h for help or q to quit)[27m[K[K [KESCESC[KOO[KBB[K       [:lower:][m
[7m Manual page tr(1) line 59 (press h for help or q to quit)[27m[K[K [KESCESC[KOO[KBB[K              all lower case letters[m
[7m Manual page tr(1) line 60 (press h for help or q to quit)[27m[K[K [KESCESC[KOO[KBB[K[m
[7m Manual page tr(1) line 61 (press h for help or q to quit)[27m[K[K [KESCESC[KOO[KBB[K       [:print:][m
[7m Manual page tr(1) line 62 (press h for help or q to quit)[27m[K[K [KESCESC[KOO[KBB[K              all printable characters, including space[m
[7m Manual page tr(1) line 63 (press h for help or q to quit)[27m[K[K [KESCESC[KOO[KBB[K[m
[7m Manual page tr(1) line 64 (press h for help or q to quit)[27m[K[K [KESCESC[KOO[KBB[K       [:punct:][m
[7m Manual page tr(1) line 65 (press h for help or q to quit)[27m[K[K [KESCESC[KOO[KBB[K              all punctuation characters[m
[7m Manual page tr(1) line 66 (press h for help or q to quit)[27m[K[K [KESCESC[KOO[KBB[K[m
[7m Manual page tr(1) line 67 (press h for help or q to quit)[27m[K[K [KESCESC[KOO[KBB[K       [:space:][m
[7m Manual page tr(1) line 68 (press h for help or q to quit)[27m[K[K [KESCESC[KOO[KBB[K              all horizontal or vertical whitespace[m
[7m Manual page tr(1) line 69 (press h for help or q to quit)[27m[K[K [KESCESC[KOO[KBB[K[m
[7m Manual page tr(1) line 70 (press h for help or q to quit)[27m[K[K [KESCESC[KOO[KBB[K       [:upper:][m
[7m Manual page tr(1) line 71 (press h for help or q to quit)[27m[K[K [KESCESC[KOO[KBB[K              all upper case letters[m
[7m Manual page tr(1) line 72 (press h for help or q to quit)[27m[K[K [KESCESC[KOO[KBB[K[m
[7m Manual page tr(1) line 73 (press h for help or q to quit)[27m[K[K [KESCESC[KOO[KBB[K       [:xdigit:][m
[7m Manual page tr(1) line 74 (press h for help or q to quit)[27m[K[K [KESCESC[KOO[KBB[K              all hexadecimal digits[m
[7m Manual page tr(1) line 75 (press h for help or q to quit)[27m[K[K [KESCESC[KOO[KBB[K[m
[7m Manual page tr(1) line 76 (press h for help or q to quit)[27m[K[K [KESCESC[KOO[KBB[K       [=CHAR=][m
[7m Manual page tr(1) line 77 (press h for help or q to quit)[27m[K[K [KESCESC[KOO[KBB[K              all characters which are equivalent to CHAR[m
[7m Manual page tr(1) line 78 (press h for help or q to quit)[27m[K[K [KESCESC[KOO[KBB[K[m
[7m Manual page tr(1) line 79 (press h for help or q to quit)[27m[K[K [KESCESC[KOO[KBB[K       Translation  occurs  if  [1m-d[0m is not given and both SET1 and SET2 appear.[m
[7m Manual page tr(1) line 80 (press h for help or q to quit)[27m[K[K [KESCESC[KOO[KBB[K       [1m-t[0m may be used only when translating.  SET2 is extended  to  length  of[m
[7m Manual page tr(1) line 81 (press h for help or q to quit)[27m[K[K [KESCESC[KOO[KBB[K       SET1  by  repeating its last character as necessary.  Excess characters[m
[7m Manual page tr(1) line 82 (press h for help or q to quit)[27m[K[K [KESCESC[KOO[KBB[K       of SET2 are ignored.  Only [:lower:] and [:upper:]  are  guaranteed  to[m
[7m Manual page tr(1) line 83 (press h for help or q to quit)[27m[K[K [KESCESC[KOO[KBB[K       expand  in  ascending  order;  used in SET2 while translating, they may[m
[7m Manual page tr(1) line 84 (press h for help or q to quit)[27m[K[K [KESCESC[KOO[KBB[K       only be used in pairs to specify case conversion.   [1m-s[0m  uses  the  last[m
[7m Manual page tr(1) line 85 (press h for help or q to quit)[27m[K[K [KESCESC[KOO[KBB[K       specified SET, and occurs after translation or deletion.[m
[7m Manual page tr(1) line 86 (press h for help or q to quit)[27m[K[K [KESCESC[KOO[KBB[K[m
[7m Manual page tr(1) line 87 (press h for help or q to quit)[27m[K[K [KESCESC[KOO[KBB[K[1mAUTHOR[0m[m
[7m Manual page tr(1) line 88 (press h for help or q to quit)[27m[K[K [KESCESC[KOO[KBB[K       Written by Jim Meyering.[m
[7m Manual page tr(1) line 89 (press h for help or q to quit)[27m[K[K [KESCESC[KOO[KBB[K[m
[7m Manual page tr(1) line 90 (press h for help or q to quit)[27m[K[K [KESCESC[KOO[KBB[K[1mREPORTING[0m [1mBUGS[0m[m
[7m Manual page tr(1) line 91 (press h for help or q to quit)[27m[K[K [KESCESC[KOO[KBB[K       GNU coreutils online help: <https://www.gnu.org/software/coreutils/>[m
[7m Manual page tr(1) line 92 (press h for help or q to quit)[27m[K[K [KESCESC[KOO[KBB[K       Report tr translation bugs to <https://translationproject.org/team/>[m
[7m Manual page tr(1) line 93 (press h for help or q to quit)[27m[K[K [KESCESC[KOO[KBB[K[m
[7m Manual page tr(1) line 94 (press h for help or q to quit)[27m[K[K [KESCESC[KOO[KBB[K[1mCOPYRIGHT[0m[m
[7m Manual page tr(1) line 95 (press h for help or q to quit)[27m[K[K [KESCESC[KOO[KBB[K       Copyright  ¬©  2018  Free Software Foundation, Inc.  License GPLv3+: GNU[m
[7m Manual page tr(1) line 96 (press h for help or q to quit)[27m[K[K [KESCESC[KOO[KBB[K       GPL version 3 or later <https://gnu.org/licenses/gpl.html>.[m
[7m Manual page tr(1) line 97 (press h for help or q to quit)[27m[K[K [KESCESC[KOO[KBB[K       This is free software: you are free  to  change  and  redistribute  it.[m
[7m Manual page tr(1) line 98 (press h for help or q to quit)[27m[K[K [KESCESC[KOO[KBB[K       There is NO WARRANTY, to the extent permitted by law.[m
[7m Manual page tr(1) line 99 (press h for help or q to quit)[27m[K[K [KESCESC[KOO[KBB[K[m
[7m Manual page tr(1) line 100 (press h for help or q to quit)[27m[K[K [KESCESC[KOO[KBB[K[1mSEE[0m [1mALSO[0m[m
[7m Manual page tr(1) line 101 (press h for help or q to quit)[27m[K[K [KESCESC[KOO[KBB[K       Full documentation at: <https://www.gnu.org/software/coreutils/tr>[m
[7m Manual page tr(1) line 102 (press h for help or q to quit)[27m[K[K [KESCESC[KOO[KBB[K       or available locally via: info '(coreutils) tr invocation'[m
[7m Manual page tr(1) line 103 (press h for help or q to quit)[27m[K[K [KESCESC[KOO[KBB[K[m
[7m Manual page tr(1) line 104 (press h for help or q to quit)[27m[K[K [KESCESC[KOO[KBB[KGNU coreutils 8.30               February 2019                           TR(1)[m
[7m Manual page tr(1) line 105 (press h for help or q to quit)[27m[K[K [KESCESC[KOO[KBB[K[K[7m Manual page tr(1) line 105/126 (END) (press h for help or q to quit)[27m[K[K [KESCESC[KOO[KBB[K[K[7m Manual page tr(1) line 105/126 (END) (press h for help or q to quit)[27m[K[K [KESCESC[KOO[KBB[K[K[7m Manual page tr(1) line 105/126 (END) (press h for help or q to quit)[27m[K[K [KESCESC[KOO[KBB[K[K[7m Manual page tr(1) line 105/126 (END) (press h for help or q to quit)[27m[K[K [KESCESC[KOO[KBB[K[K[7m Manual page tr(1) line 105/126 (END) (press h for help or q to quit)[27m[K[K [KESCESC[KOO[KBB[K[K[7m Manual page tr(1) line 105/126 (END) (press h for help or q to quit)[27m[K[K [KESCESC[KOO[KBB[K[K[7m Manual page tr(1) line 105/126 (END) (press h for help or q to quit)[27m[K[K [KESCESC[KOO[KBB[K[K[7m Manual page tr(1) line 105/126 (END) (press h for help or q to quit)[27m[K[K [KESCESC[KOO[KBB[K[K[7m Manual page tr(1) line 105/126 (END) (press h for help or q to quit)[27m[K[K [KESCESC[KOO[KBB[K[K[7m Manual page tr(1) line 105/126 (END) (press h for help or q to quit)[27m[K[K [KESCESC[KOO[KBB[K[K[7m Manual page tr(1) line 105/126 (END) (press h for help or q to quit)[27m[K[K [KESCESC[KOO[KBB[K[K[7m Manual page tr(1) line 105/126 (END) (press h for help or q to quit)[27m[K[K [KESCESC[KOO[KBB[K[K[7m Manual page tr(1) line 105/126 (END) (press h for help or q to quit)[27m[K[K [KESCESC[KOO[KBB[K[K[7m Manual page tr(1) line 105/126 (END) (press h for help or q to quit)[27m[K[K [KESCESC[KOO[KBB[K[K[7m Manual page tr(1) line 105/126 (END) (press h for help or q to quit)[27m[K[K [KESCESC[KOO[KBB[K[K[7m Manual page tr(1) line 105/126 (END) (press h for help or q to quit)[27m[K[K[?1l>[?1049l[23;0;0trbey1@g7-22:~/i240b/submit/lab6$ man tr[Ktr :upper: ls -l[10Pman trls -l tr :upper: [1@[[C[C[C[C[C[C[C] 
ls: cannot access 'tr': No such file or directory
ls: cannot access '[:upper:]': No such file or directory
rbey1@g7-22:~/i240b/submit/lab6$ ls -l tr [:upper:] man tr[K[Ktr :upper: ls -l[1@[[C[C[C[C[C[C[C[1@]
tr: extra operand ‚Äò-l‚Äô
Try 'tr --help' for more information.
rbey1@g7-22:~/i240b/submit/lab6$ tr --help\[K
Usage: tr [OPTION]... SET1 [SET2]
Translate, squeeze, and/or delete characters from standard input,
writing to standard output.

  -c, -C, --complement    use the complement of SET1
  -d, --delete            delete characters in SET1, do not translate
  -s, --squeeze-repeats   replace each sequence of a repeated character
                            that is listed in the last specified SET,
                            with a single occurrence of that character
  -t, --truncate-set1     first truncate SET1 to length of SET2
      --help     display this help and exit
      --version  output version information and exit

SETs are specified as strings of characters.  Most represent themselves.
Interpreted sequences are:

  \NNN            character with octal value NNN (1 to 3 octal digits)
  \\              backslash
  \a              audible BEL
  \b              backspace
  \f              form feed
  \n              new line
  \r              return
  \t              horizontal tab
  \v              vertical tab
  CHAR1-CHAR2     all characters from CHAR1 to CHAR2 in ascending order
  [CHAR*]         in SET2, copies of CHAR until length of SET1
  [CHAR*REPEAT]   REPEAT copies of CHAR, REPEAT octal if starting with 0
  [:alnum:]       all letters and digits
  [:alpha:]       all letters
  [:blank:]       all horizontal whitespace
  [:cntrl:]       all control characters
  [:digit:]       all digits
  [:graph:]       all printable characters, not including space
  [:lower:]       all lower case letters
  [:print:]       all printable characters, including space
  [:punct:]       all punctuation characters
  [:space:]       all horizontal or vertical whitespace
  [:upper:]       all upper case letters
  [:xdigit:]      all hexadecimal digits
  [=CHAR=]        all characters which are equivalent to CHAR

Translation occurs if -d is not given and both SET1 and SET2 appear.
-t may be used only when translating.  SET2 is extended to length of
SET1 by repeating its last character as necessary.  Excess characters
of SET2 are ignored.  Only [:lower:] and [:upper:] are guaranteed to
expand in ascending order; used in SET2 while translating, they may
only be used in pairs to specify case conversion.  -s uses the last
specified SET, and occurs after translation or deletion.

GNU coreutils online help: <https://www.gnu.org/software/coreutils/>
Full documentation at: <https://www.gnu.org/software/coreutils/tr>
or available locally via: info '(coreutils) tr invocation'
rbey1@g7-22:~/i240b/submit/lab6$ tr --help[:upper:] ls -lls -l tr [:upper:] man tr[K[Ktr :upper: ls -l[10Pman trls -l tr :upper: [11Pman trwc bin-c.log[6Pman wcbin-c.log | wc -l[3@ls [C[C[C[C[C[C[C[C[C[C[C[C[C[C[C[C[C[5Pemacs bin-c.log[2Pls -l /bin/c*bin-c.log | wc -l[6P[C[C[C[C[C[C[C[C[C[C[C[C[C[C[C[C[Cls[K /bin/c* >bin-c.log[1P???? | wc -l[K[K[K[K[K[K[K[K[K[K[K[K[K[K[K[K[K[K[K[Kla[Ks -l  [K|tr [:lower:] [:upper:]
TOTAL 84
-RW-R----- 1 RBEY1 RBEY1    90 MAR 12 18:14 BIN-C.LOG
-RW-R----- 1 RBEY1 RBEY1    88 MAR 12 18:08 CAT.LOG
DRWXR-X--- 2 RBEY1 RBEY1    54 MAR 12 17:41 DIR
DRWXR-X--- 3 RBEY1 RBEY1    30 MAR 12 17:37 EXERCISES
-RW-R----- 1 RBEY1 RBEY1 73728 MAR 12 18:23 LAB6.LOG
-RW-R----- 1 RBEY1 RBEY1    66 MAR 12 18:09 LS.LOG
-RW-R----- 1 RBEY1 RBEY1     0 MAR 12 17:41 T1.
-RW-R----- 1 RBEY1 RBEY1     0 MAR 12 17:41 T1.C
-RW-R----- 1 RBEY1 RBEY1     0 MAR 12 17:41 V1.S
-RW-R----- 1 RBEY1 RBEY1     0 MAR 12 17:41 V.C
-RW-R----- 1 RBEY1 RBEY1     0 MAR 12 17:41 X.C
rbey1@g7-22:~/i240b/submit/lab6$ ls
bin-c.log  cat.log  dir  exercises  lab6.LOG  ls.log  T1.  t1.c  v1.s  v.c  x.c
rbey1@g7-22:~/i240b/submit/lab6$ cd exercises
rbey1@g7-22:~/i240b/submit/lab6/exercises$ ls
4-quoting
rbey1@g7-22:~/i240b/submit/lab6/exercises$ cd 4-quoting
rbey1@g7-22:~/i240b/submit/lab6/exercises/4-quoting$ ls
'**'  '1$2'  "'12"  '1"2'  'a$b'  '\\ab'  'a"b'  "a'b"	 -l
rbey1@g7-22:~/i240b/submit/lab6/exercises/4-quoting$ w[Kecho \\
\
rbey1@g7-22:~/i240b/submit/lab6/exercises/4-quoting$ echo \'
'
rbey1@g7-22:~/i240b/submit/lab6/exercises/4-quoting$ \*
bash: *: command not found
rbey1@g7-22:~/i240b/submit/lab6/exercises/4-quoting$ \* *
bash:  *: command not found
rbey1@g7-22:~/i240b/submit/lab6/exercises/4-quoting$ \$HOME\"\\
bash: $HOME"\: command not found
rbey1@g7-22:~/i240b/submit/lab6/exercises/4-quoting$ \$HOME\"\\ *[K[1@e[1@c[1@h[1@o
bash: echo *: command not found
rbey1@g7-22:~/i240b/submit/lab6/exercises/4-quoting$ echo\ *[1P* *[1P* \*
*
rbey1@g7-22:~/i240b/submit/lab6/exercises/4-quoting$ echo \*[Kecho \*\ *\$HOME\"\\e\$HOME\"\\c\$HOME\"\\h\$HOME\"\\o\$HOME\"\\ \$HOME\"\\
$HOME"\
rbey1@g7-22:~/i240b/submit/lab6/exercises/4-quoting$ [Krbey1@g7-22:~/i240b/submit/lab6/exercises/4-quoting$ [Krbey1@g7-22:~/i240b/submit/lab6/exercises/4-quoting$ echo '\'
\
rbey1@g7-22:~/i240b/submit/lab6/exercises/4-quoting$ echo '\'\'
\\
rbey1@g7-22:~/i240b/submit/lab6/exercises/4-quoting$ echo '\\'[K[K[K*$~'
*$~
rbey1@g7-22:~/i240b/submit/lab6/exercises/4-quoting$ echo '\\\[K[K''
> '
\

rbey1@g7-22:~/i240b/submit/lab6/exercises/4-quoting$ echo [K[K[K[K[Kecho "\"\\"
"\
rbey1@g7-22:~/i240b/submit/lab6/exercises/4-quoting$ echo "HOME[K[K[K[K$HOME"
/home/rbey1
rbey1@g7-22:~/i240b/submit/lab6/exercises/4-quoting$ echo \
> ac[Kbc \
> 123
abc 123
rbey1@g7-22:~/i240b/submit/lab6/exercises/4-quoting$ s[Kls /./*'$'[C*
ls: cannot access '/./*$*': No such file or directory
rbey1@g7-22:~/i240b/submit/lab6/exercises/4-quoting$ ls /./*'$'*-/./*'$'*l/./*'$'* /./*'$'*
ls: cannot access '/./*$*': No such file or directory
rbey1@g7-22:~/i240b/submit/lab6/exercises/4-quoting$ ls -l /./*'$'*[C[C[C[C[C.c
ls: cannot access '/./*$*.c': No such file or directory
rbey1@g7-22:~/i240b/submit/lab6/exercises/4-quoting$ ls -l /./*'$'*.c[1P*'$'*.c[1P*'$'*.c[1P*'$'*.c
^[[A^^C^X^Zls: cannot access '*$*.c': No such file or directory
rbey1@g7-22:~/i240b/submit/lab6/exercises/4-quoting$ exit

Script done on 2020-03-12 18:44:23-04:00 [COMMAND_EXIT_CODE="2"]
